<html>
<body>
<pre>
<h1>µVision Build Log</h1>
<h2>Tool Versions:</h2>
IDE-Version: µVision V5.14.0.0
Copyright (C) 2015 ARM Ltd and ARM Germany GmbH. All rights reserved.
License Information: Arkadiusz Bochyñski, WAT, LIC=V8574-FKPHT-KTV3H-W2L7S-QY6S0-9PVN7
 
Tool Versions:
Toolchain:       MDK-ARM Professional  Version: 5.14.0.0
Toolchain Path:  C:\Keil_v5\ARM\ARMCC\Bin
C Compiler:      Armcc.exe V5.05 update 1 (build 106)
Assembler:       Armasm.exe V5.05 update 1 (build 106)
Linker/Locator:  ArmLink.exe V5.05 update 1 (build 106)
Library Manager: ArmAr.exe V5.05 update 1 (build 106)
Hex Converter:   FromElf.exe V5.05 update 1 (build 106)
CPU DLL:         SARMCM3.DLL V5.14.0.0
Dialog DLL:      DCM.DLL V1.13.1.0
Target DLL:      STLink\ST-LINKIII-KEIL_SWO.dll V2.0.14.0_KEIL
Dialog DLL:      TCM.DLL V1.14.4.0
 
<h2>Project:</h2>
D:\STM32\Keil_projects\STM32F7\STM32F7_FatFs\FatFs.uvprojx
Project File Date:  03/14/2016

<h2>Output:</h2>
Build target 'STM32F7_DISCOVERY'
compiling main.c...
compiling init.c...
compiling i2c.c...
compiling AK_stm32_fatfs.c...
assembling startup_stm32f746xx.s...
compiling stm32f7xx_it.c...
compiling system_stm32f7xx.c...
compiling stm32f7xx_hal.c...
compiling stm32f7xx_hal_adc.c...
compiling stm32f7xx_hal_adc_ex.c...
compiling stm32f7xx_hal_can.c...
compiling stm32f7xx_hal_cec.c...
compiling stm32f7xx_hal_cortex.c...
compiling stm32f7xx_hal_crc.c...
compiling stm32f7xx_hal_crc_ex.c...
compiling stm32f7xx_hal_cryp.c...
compiling stm32f7xx_hal_cryp_ex.c...
compiling stm32f7xx_hal_dac.c...
compiling stm32f7xx_hal_dac_ex.c...
compiling stm32f7xx_hal_dcmi.c...
compiling stm32f7xx_hal_dcmi_ex.c...
compiling stm32f7xx_hal_dma.c...
compiling stm32f7xx_hal_dma_ex.c...
compiling stm32f7xx_hal_dma2d.c...
compiling stm32f7xx_hal_eth.c...
compiling stm32f7xx_hal_flash.c...
compiling stm32f7xx_hal_flash_ex.c...
compiling stm32f7xx_hal_gpio.c...
compiling stm32f7xx_hal_hash.c...
compiling stm32f7xx_hal_hash_ex.c...
compiling stm32f7xx_hal_hcd.c...
compiling stm32f7xx_hal_i2c.c...
compiling stm32f7xx_hal_i2c_ex.c...
compiling stm32f7xx_hal_i2s.c...
compiling stm32f7xx_hal_irda.c...
compiling stm32f7xx_hal_iwdg.c...
compiling stm32f7xx_hal_lptim.c...
compiling stm32f7xx_hal_ltdc.c...
compiling stm32f7xx_hal_msp_template.c...
compiling stm32f7xx_hal_nand.c...
compiling stm32f7xx_hal_nor.c...
compiling stm32f7xx_hal_pcd.c...
compiling stm32f7xx_hal_pcd_ex.c...
compiling stm32f7xx_hal_pwr.c...
compiling stm32f7xx_hal_pwr_ex.c...
compiling stm32f7xx_hal_qspi.c...
compiling stm32f7xx_hal_rcc.c...
compiling stm32f7xx_hal_rcc_ex.c...
compiling stm32f7xx_hal_rng.c...
compiling stm32f7xx_hal_rtc.c...
compiling stm32f7xx_hal_rtc_ex.c...
compiling stm32f7xx_hal_sai.c...
compiling stm32f7xx_hal_sai_ex.c...
compiling stm32f7xx_hal_sd.c...
compiling stm32f7xx_hal_sdram.c...
compiling stm32f7xx_hal_smartcard.c...
compiling stm32f7xx_hal_smartcard_ex.c...
compiling stm32f7xx_hal_spdifrx.c...
compiling stm32f7xx_hal_spi.c...
compiling stm32f7xx_hal_sram.c...
compiling stm32f7xx_hal_tim.c...
compiling stm32f7xx_hal_tim_ex.c...
compiling stm32f7xx_hal_uart.c...
compiling stm32f7xx_hal_usart.c...
compiling stm32f7xx_hal_wwdg.c...
compiling stm32f7xx_ll_fmc.c...
compiling stm32f7xx_ll_sdmmc.c...
compiling stm32f7xx_ll_usb.c...
compiling diskio.c...
compiling ff.c...
compiling syscall.c...
compiling unicode.c...
compiling fatfs_sd_sdio.c...
linking...
Program Size: Code=20224 RO-data=2940 RW-data=28 ZI-data=2668  
FromELF: creating hex file...
".\Objects\FatFs.axf" - 0 Error(s), 0 Warning(s).

<h2>Collection of Component include folders:</h2>
  D:\STM32\Keil_projects\STM32F7\STM32F7_FatFs\RTE
  C:\Keil_v5\ARM\PACK\Keil\STM32F7xx_DFP\2.3.0

<h2>Collection of Component Files used:</h2>
</pre>
</body>
</html>
