Component: ARM Compiler 5.05 update 2 (build 169) Tool: armlink [4d0f33]

==============================================================================

Section Cross References

    main.o(i.main) refers to init.o(i.init) for init
    main.o(i.main) refers to ff.o(i.f_mount) for f_mount
    main.o(i.main) refers to ff.o(i.f_mkdir) for f_mkdir
    main.o(i.main) refers to ff.o(i.f_open) for f_open
    main.o(i.main) refers to ak_stm32_fatfs.o(i.AK_FATFS_GetDriveSize) for AK_FATFS_GetDriveSize
    main.o(i.main) refers to ff.o(i.f_printf) for f_printf
    main.o(i.main) refers to ff.o(i.f_close) for f_close
    main.o(i.main) refers to init.o(i.ledOn) for ledOn
    main.o(i.main) refers to main.o(.bss) for FS
    main.o(i.main) refers to main.o(.data) for CardSize
    init.o(i.LedInit) refers to stm32f7xx_hal_gpio.o(i.HAL_GPIO_Init) for HAL_GPIO_Init
    init.o(i.SystemClock_Config) refers to stm32f7xx_hal_rcc.o(i.HAL_RCC_OscConfig) for HAL_RCC_OscConfig
    init.o(i.SystemClock_Config) refers to stm32f7xx_hal_pwr_ex.o(i.HAL_PWREx_EnableOverDrive) for HAL_PWREx_EnableOverDrive
    init.o(i.SystemClock_Config) refers to stm32f7xx_hal_rcc.o(i.HAL_RCC_ClockConfig) for HAL_RCC_ClockConfig
    init.o(i.init) refers to init.o(i.SystemClock_Config) for SystemClock_Config
    init.o(i.init) refers to stm32f7xx_hal.o(i.HAL_Init) for HAL_Init
    init.o(i.init) refers to init.o(i.LedInit) for LedInit
    i2c.o(i.gpio_i2c_config) refers to stm32f7xx_hal_gpio.o(i.HAL_GPIO_Init) for HAL_GPIO_Init
    i2c.o(i.i2c1_is_device_ready) refers to stm32f7xx_hal_i2c.o(i.HAL_I2C_IsDeviceReady) for HAL_I2C_IsDeviceReady
    i2c.o(i.i2c1_is_device_ready) refers to i2c.o(.bss) for I2C_HandleStruct
    i2c.o(i.i2c_init) refers to i2c.o(i.hal_rcc_gpio_conf_i2c1) for hal_rcc_gpio_conf_i2c1
    i2c.o(i.i2c_init) refers to i2c.o(i.hal_rcc_gpio_conf_i2c2) for hal_rcc_gpio_conf_i2c2
    i2c.o(i.i2c_init) refers to i2c.o(i.hal_rcc_gpio_conf_i2c3) for hal_rcc_gpio_conf_i2c3
    i2c.o(i.i2c_init) refers to i2c.o(i.gpio_i2c_config) for gpio_i2c_config
    i2c.o(i.i2c_init) refers to stm32f7xx_hal_i2c.o(i.HAL_I2C_Init) for HAL_I2C_Init
    i2c.o(i.i2c_init) refers to stm32f7xx_hal_i2c_ex.o(i.HAL_I2CEx_ConfigAnalogFilter) for HAL_I2CEx_ConfigAnalogFilter
    i2c.o(i.i2c_init) refers to i2c.o(.bss) for I2C_HandleStruct
    i2c.o(i.i2c_set_irq) refers to stm32f7xx_hal_cortex.o(i.HAL_NVIC_SetPriority) for HAL_NVIC_SetPriority
    i2c.o(i.i2c_set_irq) refers to stm32f7xx_hal_cortex.o(i.HAL_NVIC_EnableIRQ) for HAL_NVIC_EnableIRQ
    i2c.o(i.i2c_set_irq) refers to i2c.o(.bss) for I2C_HandleStruct
    i2c.o(i.read_mem) refers to stm32f7xx_hal_i2c.o(i.HAL_I2C_Mem_Read) for HAL_I2C_Mem_Read
    i2c.o(i.read_mem) refers to i2c.o(.bss) for I2C_HandleStruct
    i2c.o(i.write_mem) refers to stm32f7xx_hal_i2c.o(i.HAL_I2C_Mem_Write) for HAL_I2C_Mem_Write
    i2c.o(i.write_mem) refers to i2c.o(.bss) for I2C_HandleStruct
    ak_stm32_fatfs.o(i.AK_FATFS_GetDriveSize) refers to ff.o(i.f_getfree) for f_getfree
    ak_stm32_fatfs.o(i.AK_FATFS_GetDriveSize) refers to dfltui.o(.text) for __aeabi_ui2d
    ak_stm32_fatfs.o(i.AK_FATFS_GetDriveSize) refers to dmul.o(.text) for __aeabi_dmul
    ak_stm32_fatfs.o(i.AK_FATFS_GetDriveSize) refers to dfixui.o(.text) for __aeabi_d2uiz
    startup_stm32f746xx.o(RESET) refers to startup_stm32f746xx.o(STACK) for __initial_sp
    startup_stm32f746xx.o(RESET) refers to startup_stm32f746xx.o(.text) for Reset_Handler
    startup_stm32f746xx.o(RESET) refers to stm32f7xx_it.o(i.NMI_Handler) for NMI_Handler
    startup_stm32f746xx.o(RESET) refers to stm32f7xx_it.o(i.HardFault_Handler) for HardFault_Handler
    startup_stm32f746xx.o(RESET) refers to stm32f7xx_it.o(i.MemManage_Handler) for MemManage_Handler
    startup_stm32f746xx.o(RESET) refers to stm32f7xx_it.o(i.BusFault_Handler) for BusFault_Handler
    startup_stm32f746xx.o(RESET) refers to stm32f7xx_it.o(i.UsageFault_Handler) for UsageFault_Handler
    startup_stm32f746xx.o(RESET) refers to stm32f7xx_it.o(i.SVC_Handler) for SVC_Handler
    startup_stm32f746xx.o(RESET) refers to stm32f7xx_it.o(i.DebugMon_Handler) for DebugMon_Handler
    startup_stm32f746xx.o(RESET) refers to stm32f7xx_it.o(i.PendSV_Handler) for PendSV_Handler
    startup_stm32f746xx.o(RESET) refers to stm32f7xx_it.o(i.SysTick_Handler) for SysTick_Handler
    startup_stm32f746xx.o(RESET) refers to fatfs_sd_sdio.o(i.SDMMC1_IRQHandler) for SDMMC1_IRQHandler
    startup_stm32f746xx.o(RESET) refers to fatfs_sd_sdio.o(i.DMA2_Stream3_IRQHandler) for DMA2_Stream3_IRQHandler
    startup_stm32f746xx.o(RESET) refers to fatfs_sd_sdio.o(i.DMA2_Stream6_IRQHandler) for DMA2_Stream6_IRQHandler
    startup_stm32f746xx.o(.text) refers to system_stm32f7xx.o(i.SystemInit) for SystemInit
    startup_stm32f746xx.o(.text) refers to entry.o(.ARM.Collect$$$$00000000) for __main
    stm32f7xx_it.o(i.SysTick_Handler) refers to stm32f7xx_hal.o(i.HAL_IncTick) for HAL_IncTick
[...]

1475 unused section(s) (total 134349 bytes) removed from the image.

==============================================================================

Image Symbol Table

    Local Symbols

    Symbol Name                              Value     Ov Type        Size  Object(Section)

    ../clib/microlib/division.c              0x00000000   Number         0  uldiv.o ABSOLUTE
    ../clib/microlib/init/entry.s            0x00000000   Number         0  entry8a.o ABSOLUTE
    ../clib/microlib/init/entry.s            0x00000000   Number         0  entry8b.o ABSOLUTE
    ../clib/microlib/init/entry.s            0x00000000   Number         0  entry2.o ABSOLUTE
    ../clib/microlib/init/entry.s            0x00000000   Number         0  entry9a.o ABSOLUTE
    ../clib/microlib/init/entry.s            0x00000000   Number         0  entry.o ABSOLUTE
    ../clib/microlib/init/entry.s            0x00000000   Number         0  entry10a.o ABSOLUTE
    ../clib/microlib/init/entry.s            0x00000000   Number         0  entry9b.o ABSOLUTE
    ../clib/microlib/init/entry.s            0x00000000   Number         0  entry10b.o ABSOLUTE
    ../clib/microlib/init/entry.s            0x00000000   Number         0  entry5.o ABSOLUTE
    ../clib/microlib/init/entry.s            0x00000000   Number         0  entry11a.o ABSOLUTE
    ../clib/microlib/init/entry.s            0x00000000   Number         0  entry7a.o ABSOLUTE
    ../clib/microlib/init/entry.s            0x00000000   Number         0  entry11b.o ABSOLUTE
    ../clib/microlib/init/entry.s            0x00000000   Number         0  entry7b.o ABSOLUTE
    ../clib/microlib/longlong.c              0x00000000   Number         0  llshl.o ABSOLUTE
    ../clib/microlib/longlong.c              0x00000000   Number         0  llushr.o ABSOLUTE
    ../clib/microlib/string/memcpy.c         0x00000000   Number         0  memcpya.o ABSOLUTE
    ../clib/microlib/string/memcpy.c         0x00000000   Number         0  memcpyb.o ABSOLUTE
    ../clib/microlib/string/memset.c         0x00000000   Number         0  memseta.o ABSOLUTE
    ../clib/microlib/stubs.s                 0x00000000   Number         0  iusefp.o ABSOLUTE
    ../fplib/microlib/fpepilogue.c           0x00000000   Number         0  depilogue.o ABSOLUTE
    ../fplib/microlib/fpfix.c                0x00000000   Number         0  dfixui.o ABSOLUTE
    ../fplib/microlib/fpflt.c                0x00000000   Number         0  dfltui.o ABSOLUTE
    ../fplib/microlib/fpmul.c                0x00000000   Number         0  dmul.o ABSOLUTE
    STM32F7xx_HAL_Driver\Src\stm32f7xx_hal.c 0x00000000   Number         0  stm32f7xx_hal.o ABSOLUTE
    STM32F7xx_HAL_Driver\Src\stm32f7xx_hal_adc.c 0x00000000   Number         0  stm32f7xx_hal_adc.o ABSOLUTE
    STM32F7xx_HAL_Driver\Src\stm32f7xx_hal_adc_ex.c 0x00000000   Number         0  stm32f7xx_hal_adc_ex.o ABSOLUTE
    STM32F7xx_HAL_Driver\Src\stm32f7xx_hal_can.c 0x00000000   Number         0  stm32f7xx_hal_can.o ABSOLUTE
    STM32F7xx_HAL_Driver\Src\stm32f7xx_hal_cec.c 0x00000000   Number         0  stm32f7xx_hal_cec.o ABSOLUTE
    STM32F7xx_HAL_Driver\Src\stm32f7xx_hal_cortex.c 0x00000000   Number         0  stm32f7xx_hal_cortex.o ABSOLUTE
    STM32F7xx_HAL_Driver\Src\stm32f7xx_hal_crc.c 0x00000000   Number         0  stm32f7xx_hal_crc.o ABSOLUTE
    STM32F7xx_HAL_Driver\Src\stm32f7xx_hal_crc_ex.c 0x00000000   Number         0  stm32f7xx_hal_crc_ex.o ABSOLUTE
    STM32F7xx_HAL_Driver\Src\stm32f7xx_hal_cryp.c 0x00000000   Number         0  stm32f7xx_hal_cryp.o ABSOLUTE
    STM32F7xx_HAL_Driver\Src\stm32f7xx_hal_cryp_ex.c 0x00000000   Number         0  stm32f7xx_hal_cryp_ex.o ABSOLUTE
    STM32F7xx_HAL_Driver\Src\stm32f7xx_hal_dac.c 0x00000000   Number         0  stm32f7xx_hal_dac.o ABSOLUTE
    STM32F7xx_HAL_Driver\Src\stm32f7xx_hal_dac_ex.c 0x00000000   Number         0  stm32f7xx_hal_dac_ex.o ABSOLUTE
    STM32F7xx_HAL_Driver\Src\stm32f7xx_hal_dcmi.c 0x00000000   Number         0  stm32f7xx_hal_dcmi.o ABSOLUTE
    STM32F7xx_HAL_Driver\Src\stm32f7xx_hal_dcmi_ex.c 0x00000000   Number         0  stm32f7xx_hal_dcmi_ex.o ABSOLUTE
    STM32F7xx_HAL_Driver\Src\stm32f7xx_hal_dma.c 0x00000000   Number         0  stm32f7xx_hal_dma.o ABSOLUTE
    STM32F7xx_HAL_Driver\Src\stm32f7xx_hal_dma2d.c 0x00000000   Number         0  stm32f7xx_hal_dma2d.o ABSOLUTE
    STM32F7xx_HAL_Driver\Src\stm32f7xx_hal_dma_ex.c 0x00000000   Number         0  stm32f7xx_hal_dma_ex.o ABSOLUTE
    STM32F7xx_HAL_Driver\Src\stm32f7xx_hal_eth.c 0x00000000   Number         0  stm32f7xx_hal_eth.o ABSOLUTE
    STM32F7xx_HAL_Driver\Src\stm32f7xx_hal_flash.c 0x00000000   Number         0  stm32f7xx_hal_flash.o ABSOLUTE
    STM32F7xx_HAL_Driver\Src\stm32f7xx_hal_flash_ex.c 0x00000000   Number         0  stm32f7xx_hal_flash_ex.o ABSOLUTE
    STM32F7xx_HAL_Driver\Src\stm32f7xx_hal_gpio.c 0x00000000   Number         0  stm32f7xx_hal_gpio.o ABSOLUTE
    STM32F7xx_HAL_Driver\Src\stm32f7xx_hal_hash.c 0x00000000   Number         0  stm32f7xx_hal_hash.o ABSOLUTE
    STM32F7xx_HAL_Driver\Src\stm32f7xx_hal_hash_ex.c 0x00000000   Number         0  stm32f7xx_hal_hash_ex.o ABSOLUTE
    STM32F7xx_HAL_Driver\Src\stm32f7xx_hal_hcd.c 0x00000000   Number         0  stm32f7xx_hal_hcd.o ABSOLUTE
    STM32F7xx_HAL_Driver\Src\stm32f7xx_hal_i2c.c 0x00000000   Number         0  stm32f7xx_hal_i2c.o ABSOLUTE
    STM32F7xx_HAL_Driver\Src\stm32f7xx_hal_i2c_ex.c 0x00000000   Number         0  stm32f7xx_hal_i2c_ex.o ABSOLUTE
    STM32F7xx_HAL_Driver\Src\stm32f7xx_hal_i2s.c 0x00000000   Number         0  stm32f7xx_hal_i2s.o ABSOLUTE
    STM32F7xx_HAL_Driver\Src\stm32f7xx_hal_irda.c 0x00000000   Number         0  stm32f7xx_hal_irda.o ABSOLUTE
    STM32F7xx_HAL_Driver\Src\stm32f7xx_hal_iwdg.c 0x00000000   Number         0  stm32f7xx_hal_iwdg.o ABSOLUTE
    STM32F7xx_HAL_Driver\Src\stm32f7xx_hal_lptim.c 0x00000000   Number         0  stm32f7xx_hal_lptim.o ABSOLUTE
    STM32F7xx_HAL_Driver\Src\stm32f7xx_hal_ltdc.c 0x00000000   Number         0  stm32f7xx_hal_ltdc.o ABSOLUTE
    STM32F7xx_HAL_Driver\Src\stm32f7xx_hal_msp_template.c 0x00000000   Number         0  stm32f7xx_hal_msp_template.o ABSOLUTE
    STM32F7xx_HAL_Driver\Src\stm32f7xx_hal_nand.c 0x00000000   Number         0  stm32f7xx_hal_nand.o ABSOLUTE
    STM32F7xx_HAL_Driver\Src\stm32f7xx_hal_nor.c 0x00000000   Number         0  stm32f7xx_hal_nor.o ABSOLUTE
    STM32F7xx_HAL_Driver\Src\stm32f7xx_hal_pcd.c 0x00000000   Number         0  stm32f7xx_hal_pcd.o ABSOLUTE
    STM32F7xx_HAL_Driver\Src\stm32f7xx_hal_pcd_ex.c 0x00000000   Number         0  stm32f7xx_hal_pcd_ex.o ABSOLUTE
    STM32F7xx_HAL_Driver\Src\stm32f7xx_hal_pwr.c 0x00000000   Number         0  stm32f7xx_hal_pwr.o ABSOLUTE
    STM32F7xx_HAL_Driver\Src\stm32f7xx_hal_pwr_ex.c 0x00000000   Number         0  stm32f7xx_hal_pwr_ex.o ABSOLUTE
    STM32F7xx_HAL_Driver\Src\stm32f7xx_hal_qspi.c 0x00000000   Number         0  stm32f7xx_hal_qspi.o ABSOLUTE
    STM32F7xx_HAL_Driver\Src\stm32f7xx_hal_rcc.c 0x00000000   Number         0  stm32f7xx_hal_rcc.o ABSOLUTE
    STM32F7xx_HAL_Driver\Src\stm32f7xx_hal_rcc_ex.c 0x00000000   Number         0  stm32f7xx_hal_rcc_ex.o ABSOLUTE
    STM32F7xx_HAL_Driver\Src\stm32f7xx_hal_rng.c 0x00000000   Number         0  stm32f7xx_hal_rng.o ABSOLUTE
    STM32F7xx_HAL_Driver\Src\stm32f7xx_hal_rtc.c 0x00000000   Number         0  stm32f7xx_hal_rtc.o ABSOLUTE
    STM32F7xx_HAL_Driver\Src\stm32f7xx_hal_rtc_ex.c 0x00000000   Number         0  stm32f7xx_hal_rtc_ex.o ABSOLUTE
    STM32F7xx_HAL_Driver\Src\stm32f7xx_hal_sai.c 0x00000000   Number         0  stm32f7xx_hal_sai.o ABSOLUTE
    STM32F7xx_HAL_Driver\Src\stm32f7xx_hal_sai_ex.c 0x00000000   Number         0  stm32f7xx_hal_sai_ex.o ABSOLUTE
    STM32F7xx_HAL_Driver\Src\stm32f7xx_hal_sd.c 0x00000000   Number         0  stm32f7xx_hal_sd.o ABSOLUTE
    STM32F7xx_HAL_Driver\Src\stm32f7xx_hal_sdram.c 0x00000000   Number         0  stm32f7xx_hal_sdram.o ABSOLUTE
    STM32F7xx_HAL_Driver\Src\stm32f7xx_hal_smartcard.c 0x00000000   Number         0  stm32f7xx_hal_smartcard.o ABSOLUTE
    STM32F7xx_HAL_Driver\Src\stm32f7xx_hal_smartcard_ex.c 0x00000000   Number         0  stm32f7xx_hal_smartcard_ex.o ABSOLUTE
    STM32F7xx_HAL_Driver\Src\stm32f7xx_hal_spdifrx.c 0x00000000   Number         0  stm32f7xx_hal_spdifrx.o ABSOLUTE
    STM32F7xx_HAL_Driver\Src\stm32f7xx_hal_spi.c 0x00000000   Number         0  stm32f7xx_hal_spi.o ABSOLUTE
    STM32F7xx_HAL_Driver\Src\stm32f7xx_hal_sram.c 0x00000000   Number         0  stm32f7xx_hal_sram.o ABSOLUTE
    STM32F7xx_HAL_Driver\Src\stm32f7xx_hal_tim.c 0x00000000   Number         0  stm32f7xx_hal_tim.o ABSOLUTE
    STM32F7xx_HAL_Driver\Src\stm32f7xx_hal_tim_ex.c 0x00000000   Number         0  stm32f7xx_hal_tim_ex.o ABSOLUTE
    STM32F7xx_HAL_Driver\Src\stm32f7xx_hal_uart.c 0x00000000   Number         0  stm32f7xx_hal_uart.o ABSOLUTE
    STM32F7xx_HAL_Driver\Src\stm32f7xx_hal_usart.c 0x00000000   Number         0  stm32f7xx_hal_usart.o ABSOLUTE
    STM32F7xx_HAL_Driver\Src\stm32f7xx_hal_wwdg.c 0x00000000   Number         0  stm32f7xx_hal_wwdg.o ABSOLUTE
    STM32F7xx_HAL_Driver\Src\stm32f7xx_ll_fmc.c 0x00000000   Number         0  stm32f7xx_ll_fmc.o ABSOLUTE
    STM32F7xx_HAL_Driver\Src\stm32f7xx_ll_sdmmc.c 0x00000000   Number         0  stm32f7xx_ll_sdmmc.o ABSOLUTE
    STM32F7xx_HAL_Driver\Src\stm32f7xx_ll_usb.c 0x00000000   Number         0  stm32f7xx_ll_usb.o ABSOLUTE
    STM32F7xx_HAL_Driver\\Src\\stm32f7xx_hal.c 0x00000000   Number         0  stm32f7xx_hal.o ABSOLUTE
    STM32F7xx_HAL_Driver\\Src\\stm32f7xx_hal_adc.c 0x00000000   Number         0  stm32f7xx_hal_adc.o ABSOLUTE
    STM32F7xx_HAL_Driver\\Src\\stm32f7xx_hal_adc_ex.c 0x00000000   Number         0  stm32f7xx_hal_adc_ex.o ABSOLUTE
    STM32F7xx_HAL_Driver\\Src\\stm32f7xx_hal_can.c 0x00000000   Number         0  stm32f7xx_hal_can.o ABSOLUTE
    STM32F7xx_HAL_Driver\\Src\\stm32f7xx_hal_cec.c 0x00000000   Number         0  stm32f7xx_hal_cec.o ABSOLUTE
    STM32F7xx_HAL_Driver\\Src\\stm32f7xx_hal_cortex.c 0x00000000   Number         0  stm32f7xx_hal_cortex.o ABSOLUTE
    STM32F7xx_HAL_Driver\\Src\\stm32f7xx_hal_crc.c 0x00000000   Number         0  stm32f7xx_hal_crc.o ABSOLUTE
    STM32F7xx_HAL_Driver\\Src\\stm32f7xx_hal_crc_ex.c 0x00000000   Number         0  stm32f7xx_hal_crc_ex.o ABSOLUTE
    STM32F7xx_HAL_Driver\\Src\\stm32f7xx_hal_cryp.c 0x00000000   Number         0  stm32f7xx_hal_cryp.o ABSOLUTE
    STM32F7xx_HAL_Driver\\Src\\stm32f7xx_hal_cryp_ex.c 0x00000000   Number         0  stm32f7xx_hal_cryp_ex.o ABSOLUTE
    STM32F7xx_HAL_Driver\\Src\\stm32f7xx_hal_dac.c 0x00000000   Number         0  stm32f7xx_hal_dac.o ABSOLUTE
    STM32F7xx_HAL_Driver\\Src\\stm32f7xx_hal_dac_ex.c 0x00000000   Number         0  stm32f7xx_hal_dac_ex.o ABSOLUTE
    STM32F7xx_HAL_Driver\\Src\\stm32f7xx_hal_dcmi.c 0x00000000   Number         0  stm32f7xx_hal_dcmi.o ABSOLUTE
    STM32F7xx_HAL_Driver\\Src\\stm32f7xx_hal_dcmi_ex.c 0x00000000   Number         0  stm32f7xx_hal_dcmi_ex.o ABSOLUTE
    STM32F7xx_HAL_Driver\\Src\\stm32f7xx_hal_dma.c 0x00000000   Number         0  stm32f7xx_hal_dma.o ABSOLUTE
    STM32F7xx_HAL_Driver\\Src\\stm32f7xx_hal_dma2d.c 0x00000000   Number         0  stm32f7xx_hal_dma2d.o ABSOLUTE
    STM32F7xx_HAL_Driver\\Src\\stm32f7xx_hal_dma_ex.c 0x00000000   Number         0  stm32f7xx_hal_dma_ex.o ABSOLUTE
    STM32F7xx_HAL_Driver\\Src\\stm32f7xx_hal_eth.c 0x00000000   Number         0  stm32f7xx_hal_eth.o ABSOLUTE
    STM32F7xx_HAL_Driver\\Src\\stm32f7xx_hal_flash.c 0x00000000   Number         0  stm32f7xx_hal_flash.o ABSOLUTE
    STM32F7xx_HAL_Driver\\Src\\stm32f7xx_hal_flash_ex.c 0x00000000   Number         0  stm32f7xx_hal_flash_ex.o ABSOLUTE
    STM32F7xx_HAL_Driver\\Src\\stm32f7xx_hal_gpio.c 0x00000000   Number         0  stm32f7xx_hal_gpio.o ABSOLUTE
    STM32F7xx_HAL_Driver\\Src\\stm32f7xx_hal_hash.c 0x00000000   Number         0  stm32f7xx_hal_hash.o ABSOLUTE
    STM32F7xx_HAL_Driver\\Src\\stm32f7xx_hal_hash_ex.c 0x00000000   Number         0  stm32f7xx_hal_hash_ex.o ABSOLUTE
    STM32F7xx_HAL_Driver\\Src\\stm32f7xx_hal_hcd.c 0x00000000   Number         0  stm32f7xx_hal_hcd.o ABSOLUTE
    STM32F7xx_HAL_Driver\\Src\\stm32f7xx_hal_i2c.c 0x00000000   Number         0  stm32f7xx_hal_i2c.o ABSOLUTE
    STM32F7xx_HAL_Driver\\Src\\stm32f7xx_hal_i2c_ex.c 0x00000000   Number         0  stm32f7xx_hal_i2c_ex.o ABSOLUTE
    STM32F7xx_HAL_Driver\\Src\\stm32f7xx_hal_i2s.c 0x00000000   Number         0  stm32f7xx_hal_i2s.o ABSOLUTE
    STM32F7xx_HAL_Driver\\Src\\stm32f7xx_hal_irda.c 0x00000000   Number         0  stm32f7xx_hal_irda.o ABSOLUTE
    STM32F7xx_HAL_Driver\\Src\\stm32f7xx_hal_iwdg.c 0x00000000   Number         0  stm32f7xx_hal_iwdg.o ABSOLUTE
    STM32F7xx_HAL_Driver\\Src\\stm32f7xx_hal_lptim.c 0x00000000   Number         0  stm32f7xx_hal_lptim.o ABSOLUTE
    STM32F7xx_HAL_Driver\\Src\\stm32f7xx_hal_ltdc.c 0x00000000   Number         0  stm32f7xx_hal_ltdc.o ABSOLUTE
    STM32F7xx_HAL_Driver\\Src\\stm32f7xx_hal_msp_template.c 0x00000000   Number         0  stm32f7xx_hal_msp_template.o ABSOLUTE
    STM32F7xx_HAL_Driver\\Src\\stm32f7xx_hal_nand.c 0x00000000   Number         0  stm32f7xx_hal_nand.o ABSOLUTE
    STM32F7xx_HAL_Driver\\Src\\stm32f7xx_hal_nor.c 0x00000000   Number         0  stm32f7xx_hal_nor.o ABSOLUTE
    STM32F7xx_HAL_Driver\\Src\\stm32f7xx_hal_pcd.c 0x00000000   Number         0  stm32f7xx_hal_pcd.o ABSOLUTE
    STM32F7xx_HAL_Driver\\Src\\stm32f7xx_hal_pcd_ex.c 0x00000000   Number         0  stm32f7xx_hal_pcd_ex.o ABSOLUTE
    STM32F7xx_HAL_Driver\\Src\\stm32f7xx_hal_pwr.c 0x00000000   Number         0  stm32f7xx_hal_pwr.o ABSOLUTE
    STM32F7xx_HAL_Driver\\Src\\stm32f7xx_hal_pwr_ex.c 0x00000000   Number         0  stm32f7xx_hal_pwr_ex.o ABSOLUTE
    STM32F7xx_HAL_Driver\\Src\\stm32f7xx_hal_qspi.c 0x00000000   Number         0  stm32f7xx_hal_qspi.o ABSOLUTE
    STM32F7xx_HAL_Driver\\Src\\stm32f7xx_hal_rcc.c 0x00000000   Number         0  stm32f7xx_hal_rcc.o ABSOLUTE
    STM32F7xx_HAL_Driver\\Src\\stm32f7xx_hal_rcc_ex.c 0x00000000   Number         0  stm32f7xx_hal_rcc_ex.o ABSOLUTE
    STM32F7xx_HAL_Driver\\Src\\stm32f7xx_hal_rng.c 0x00000000   Number         0  stm32f7xx_hal_rng.o ABSOLUTE
    STM32F7xx_HAL_Driver\\Src\\stm32f7xx_hal_rtc.c 0x00000000   Number         0  stm32f7xx_hal_rtc.o ABSOLUTE
    STM32F7xx_HAL_Driver\\Src\\stm32f7xx_hal_rtc_ex.c 0x00000000   Number         0  stm32f7xx_hal_rtc_ex.o ABSOLUTE
    STM32F7xx_HAL_Driver\\Src\\stm32f7xx_hal_sai.c 0x00000000   Number         0  stm32f7xx_hal_sai.o ABSOLUTE
    STM32F7xx_HAL_Driver\\Src\\stm32f7xx_hal_sai_ex.c 0x00000000   Number         0  stm32f7xx_hal_sai_ex.o ABSOLUTE
    STM32F7xx_HAL_Driver\\Src\\stm32f7xx_hal_sd.c 0x00000000   Number         0  stm32f7xx_hal_sd.o ABSOLUTE
    STM32F7xx_HAL_Driver\\Src\\stm32f7xx_hal_sdram.c 0x00000000   Number         0  stm32f7xx_hal_sdram.o ABSOLUTE
    STM32F7xx_HAL_Driver\\Src\\stm32f7xx_hal_smartcard.c 0x00000000   Number         0  stm32f7xx_hal_smartcard.o ABSOLUTE
    STM32F7xx_HAL_Driver\\Src\\stm32f7xx_hal_smartcard_ex.c 0x00000000   Number         0  stm32f7xx_hal_smartcard_ex.o ABSOLUTE
    STM32F7xx_HAL_Driver\\Src\\stm32f7xx_hal_spdifrx.c 0x00000000   Number         0  stm32f7xx_hal_spdifrx.o ABSOLUTE
    STM32F7xx_HAL_Driver\\Src\\stm32f7xx_hal_spi.c 0x00000000   Number         0  stm32f7xx_hal_spi.o ABSOLUTE
    STM32F7xx_HAL_Driver\\Src\\stm32f7xx_hal_sram.c 0x00000000   Number         0  stm32f7xx_hal_sram.o ABSOLUTE
    STM32F7xx_HAL_Driver\\Src\\stm32f7xx_hal_tim.c 0x00000000   Number         0  stm32f7xx_hal_tim.o ABSOLUTE
    STM32F7xx_HAL_Driver\\Src\\stm32f7xx_hal_tim_ex.c 0x00000000   Number         0  stm32f7xx_hal_tim_ex.o ABSOLUTE
    STM32F7xx_HAL_Driver\\Src\\stm32f7xx_hal_uart.c 0x00000000   Number         0  stm32f7xx_hal_uart.o ABSOLUTE
    STM32F7xx_HAL_Driver\\Src\\stm32f7xx_hal_usart.c 0x00000000   Number         0  stm32f7xx_hal_usart.o ABSOLUTE
    STM32F7xx_HAL_Driver\\Src\\stm32f7xx_hal_wwdg.c 0x00000000   Number         0  stm32f7xx_hal_wwdg.o ABSOLUTE
    STM32F7xx_HAL_Driver\\Src\\stm32f7xx_ll_fmc.c 0x00000000   Number         0  stm32f7xx_ll_fmc.o ABSOLUTE
    STM32F7xx_HAL_Driver\\Src\\stm32f7xx_ll_sdmmc.c 0x00000000   Number         0  stm32f7xx_ll_sdmmc.o ABSOLUTE
    STM32F7xx_HAL_Driver\\Src\\stm32f7xx_ll_usb.c 0x00000000   Number         0  stm32f7xx_ll_usb.o ABSOLUTE
    dc.s                                     0x00000000   Number         0  dc.o ABSOLUTE
    handlers.s                               0x00000000   Number         0  handlers.o ABSOLUTE
    init.s                                   0x00000000   Number         0  init.o ABSOLUTE
    lib\\stm32f7xx_it.c                      0x00000000   Number         0  stm32f7xx_it.o ABSOLUTE
    lib\\system_stm32f7xx.c                  0x00000000   Number         0  system_stm32f7xx.o ABSOLUTE
    lib\startup_stm32f746xx.s                0x00000000   Number         0  startup_stm32f746xx.o ABSOLUTE
    lib\stm32f7xx_it.c                       0x00000000   Number         0  stm32f7xx_it.o ABSOLUTE
    lib\system_stm32f7xx.c                   0x00000000   Number         0  system_stm32f7xx.o ABSOLUTE
    source\AK\AK_stm32_fatfs.c               0x00000000   Number         0  ak_stm32_fatfs.o ABSOLUTE
    source\FatFs\diskio.c                    0x00000000   Number         0  diskio.o ABSOLUTE
    source\FatFs\fatfs_sd_sdio.c             0x00000000   Number         0  fatfs_sd_sdio.o ABSOLUTE
    source\FatFs\ff.c                        0x00000000   Number         0  ff.o ABSOLUTE
    source\FatFs\option\syscall.c            0x00000000   Number         0  syscall.o ABSOLUTE
    source\FatFs\option\unicode.c            0x00000000   Number         0  unicode.o ABSOLUTE
    source\\FatFs\\diskio.c                  0x00000000   Number         0  diskio.o ABSOLUTE
    source\\FatFs\\fatfs_sd_sdio.c           0x00000000   Number         0  fatfs_sd_sdio.o ABSOLUTE
    source\\i2c.c                            0x00000000   Number         0  i2c.o ABSOLUTE
    source\\init.c                           0x00000000   Number         0  init.o ABSOLUTE
    source\\main.c                           0x00000000   Number         0  main.o ABSOLUTE
    source\i2c.c                             0x00000000   Number         0  i2c.o ABSOLUTE
    source\init.c                            0x00000000   Number         0  init.o ABSOLUTE
    source\main.c                            0x00000000   Number         0  main.o ABSOLUTE
    RESET                                    0x08000000   Section      456  startup_stm32f746xx.o(RESET)
    .ARM.Collect$$$$00000000                 0x080001c8   Section        0  entry.o(.ARM.Collect$$$$00000000)
    .ARM.Collect$$$$00000001                 0x080001c8   Section        4  entry2.o(.ARM.Collect$$$$00000001)
    .ARM.Collect$$$$00000004                 0x080001cc   Section        4  entry5.o(.ARM.Collect$$$$00000004)
    .ARM.Collect$$$$00000008                 0x080001d0   Section        0  entry7b.o(.ARM.Collect$$$$00000008)
    .ARM.Collect$$$$0000000A                 0x080001d0   Section        0  entry8b.o(.ARM.Collect$$$$0000000A)
    .ARM.Collect$$$$0000000B                 0x080001d0   Section        8  entry9a.o(.ARM.Collect$$$$0000000B)
    .ARM.Collect$$$$0000000D                 0x080001d8   Section        0  entry10a.o(.ARM.Collect$$$$0000000D)
    .ARM.Collect$$$$0000000F                 0x080001d8   Section        0  entry11a.o(.ARM.Collect$$$$0000000F)
    .ARM.Collect$$$$00002712                 0x080001d8   Section        4  entry2.o(.ARM.Collect$$$$00002712)
    __lit__00000000                          0x080001d8   Data           4  entry2.o(.ARM.Collect$$$$00002712)
    .text                                    0x080001dc   Section       36  startup_stm32f746xx.o(.text)
    $v0                                      0x080001dc   Number         0  startup_stm32f746xx.o(.text)
    .text                                    0x08000200   Section        0  uldiv.o(.text)
    .text                                    0x08000262   Section        0  dmul.o(.text)
    .text                                    0x08000346   Section        0  dfltui.o(.text)
    .text                                    0x08000360   Section        0  dfixui.o(.text)
    .text                                    0x08000392   Section        0  llshl.o(.text)
    .text                                    0x080003b0   Section        0  llushr.o(.text)
    .text                                    0x080003d0   Section        0  depilogue.o(.text)
    .text                                    0x080003d0   Section        0  iusefp.o(.text)
    .text                                    0x0800048c   Section       36  init.o(.text)
    i.AK_FATFS_GetDriveSize                  0x080004b0   Section        0  ak_stm32_fatfs.o(i.AK_FATFS_GetDriveSize)
    i.BusFault_Handler                       0x08000534   Section        0  stm32f7xx_it.o(i.BusFault_Handler)
    i.DMA2_Stream3_IRQHandler                0x08000538   Section        0  fatfs_sd_sdio.o(i.DMA2_Stream3_IRQHandler)
    i.DMA2_Stream6_IRQHandler                0x08000548   Section        0  fatfs_sd_sdio.o(i.DMA2_Stream6_IRQHandler)
    i.DMA_CalcBaseAndBitshift                0x08000558   Section        0  stm32f7xx_hal_dma.o(i.DMA_CalcBaseAndBitshift)
    DMA_CalcBaseAndBitshift                  0x08000559   Thumb Code    46  stm32f7xx_hal_dma.o(i.DMA_CalcBaseAndBitshift)
    i.DMA_SetConfig                          0x0800058c   Section        0  stm32f7xx_hal_dma.o(i.DMA_SetConfig)
    DMA_SetConfig                            0x0800058d   Thumb Code    44  stm32f7xx_hal_dma.o(i.DMA_SetConfig)
    i.DebugMon_Handler                       0x080005b8   Section        0  stm32f7xx_it.o(i.DebugMon_Handler)
    i.FATFS_SD_SDIO_disk_initialize          0x080005bc   Section        0  fatfs_sd_sdio.o(i.FATFS_SD_SDIO_disk_initialize)
    i.FATFS_SD_SDIO_disk_ioctl               0x080005f0   Section        0  fatfs_sd_sdio.o(i.FATFS_SD_SDIO_disk_ioctl)
    i.FATFS_SD_SDIO_disk_read                0x08000668   Section        0  fatfs_sd_sdio.o(i.FATFS_SD_SDIO_disk_read)
    i.FATFS_SD_SDIO_disk_status              0x08000690   Section        0  fatfs_sd_sdio.o(i.FATFS_SD_SDIO_disk_status)
    i.FATFS_SD_SDIO_disk_write               0x080006c4   Section        0  fatfs_sd_sdio.o(i.FATFS_SD_SDIO_disk_write)
    i.HAL_DMA_Abort                          0x080006ea   Section        0  stm32f7xx_hal_dma.o(i.HAL_DMA_Abort)
    i.HAL_DMA_DeInit                         0x08000748   Section        0  stm32f7xx_hal_dma.o(i.HAL_DMA_DeInit)
    i.HAL_DMA_IRQHandler                     0x080007ac   Section        0  stm32f7xx_hal_dma.o(i.HAL_DMA_IRQHandler)
    i.HAL_DMA_Init                           0x080009c4   Section        0  stm32f7xx_hal_dma.o(i.HAL_DMA_Init)
    i.HAL_DMA_Start_IT                       0x08000a48   Section        0  stm32f7xx_hal_dma.o(i.HAL_DMA_Start_IT)
    i.HAL_Delay                              0x08000ab2   Section        0  stm32f7xx_hal.o(i.HAL_Delay)
    i.HAL_GPIO_Init                          0x08000acc   Section        0  stm32f7xx_hal_gpio.o(i.HAL_GPIO_Init)
    i.HAL_GetTick                            0x08000ce4   Section        0  stm32f7xx_hal.o(i.HAL_GetTick)
    i.HAL_IncTick                            0x08000cf0   Section        0  stm32f7xx_hal.o(i.HAL_IncTick)
    i.HAL_Init                               0x08000d00   Section        0  stm32f7xx_hal.o(i.HAL_Init)
    i.HAL_InitTick                           0x08000d28   Section        0  stm32f7xx_hal.o(i.HAL_InitTick)
    i.HAL_MspInit                            0x08000d4c   Section        0  stm32f7xx_hal_msp_template.o(i.HAL_MspInit)
    i.HAL_NVIC_EnableIRQ                     0x08000d4e   Section        0  stm32f7xx_hal_cortex.o(i.HAL_NVIC_EnableIRQ)
    i.HAL_NVIC_SetPriority                   0x08000d68   Section        0  stm32f7xx_hal_cortex.o(i.HAL_NVIC_SetPriority)
    i.HAL_NVIC_SetPriorityGrouping           0x08000de4   Section        0  stm32f7xx_hal_cortex.o(i.HAL_NVIC_SetPriorityGrouping)
    i.HAL_PWREx_EnableOverDrive              0x08000e0c   Section        0  stm32f7xx_hal_pwr_ex.o(i.HAL_PWREx_EnableOverDrive)
    i.HAL_RCC_ClockConfig                    0x08000e9c   Section        0  stm32f7xx_hal_rcc.o(i.HAL_RCC_ClockConfig)
    i.HAL_RCC_GetHCLKFreq                    0x08001104   Section        0  stm32f7xx_hal_rcc.o(i.HAL_RCC_GetHCLKFreq)
    i.HAL_RCC_GetSysClockFreq                0x0800113c   Section        0  stm32f7xx_hal_rcc.o(i.HAL_RCC_GetSysClockFreq)
    i.HAL_RCC_OscConfig                      0x080011f0   Section        0  stm32f7xx_hal_rcc.o(i.HAL_RCC_OscConfig)
    i.HAL_SD_CheckReadOperation              0x08001740   Section        0  stm32f7xx_hal_sd.o(i.HAL_SD_CheckReadOperation)
    i.HAL_SD_CheckWriteOperation             0x080017bc   Section        0  stm32f7xx_hal_sd.o(i.HAL_SD_CheckWriteOperation)
    i.HAL_SD_DMA_RxCpltCallback              0x08001844   Section        0  stm32f7xx_hal_sd.o(i.HAL_SD_DMA_RxCpltCallback)
    i.HAL_SD_DMA_RxErrorCallback             0x08001846   Section        0  stm32f7xx_hal_sd.o(i.HAL_SD_DMA_RxErrorCallback)
    i.HAL_SD_DMA_TxCpltCallback              0x08001848   Section        0  stm32f7xx_hal_sd.o(i.HAL_SD_DMA_TxCpltCallback)
    i.HAL_SD_DMA_TxErrorCallback             0x0800184a   Section        0  stm32f7xx_hal_sd.o(i.HAL_SD_DMA_TxErrorCallback)
    i.HAL_SD_GetStatus                       0x0800184c   Section        0  stm32f7xx_hal_sd.o(i.HAL_SD_GetStatus)
    i.HAL_SD_Get_CardInfo                    0x0800186e   Section        0  stm32f7xx_hal_sd.o(i.HAL_SD_Get_CardInfo)
    i.HAL_SD_IRQHandler                      0x08001b32   Section        0  stm32f7xx_hal_sd.o(i.HAL_SD_IRQHandler)
    i.HAL_SD_Init                            0x08001bd4   Section        0  stm32f7xx_hal_sd.o(i.HAL_SD_Init)
    i.HAL_SD_MspInit                         0x08001c70   Section        0  stm32f7xx_hal_sd.o(i.HAL_SD_MspInit)
    i.HAL_SD_ReadBlocks_DMA                  0x08001c74   Section        0  stm32f7xx_hal_sd.o(i.HAL_SD_ReadBlocks_DMA)
    i.HAL_SD_StopTransfer                    0x08001d94   Section        0  stm32f7xx_hal_sd.o(i.HAL_SD_StopTransfer)
    i.HAL_SD_WideBusOperation_Config         0x08001dca   Section        0  stm32f7xx_hal_sd.o(i.HAL_SD_WideBusOperation_Config)
    i.HAL_SD_WriteBlocks_DMA                 0x08001e48   Section        0  stm32f7xx_hal_sd.o(i.HAL_SD_WriteBlocks_DMA)
    i.HAL_SD_XferCpltCallback                0x08001f64   Section        0  stm32f7xx_hal_sd.o(i.HAL_SD_XferCpltCallback)
    i.HAL_SD_XferErrorCallback               0x08001f66   Section        0  stm32f7xx_hal_sd.o(i.HAL_SD_XferErrorCallback)
    i.HAL_SYSTICK_Config                     0x08001f68   Section        0  stm32f7xx_hal_cortex.o(i.HAL_SYSTICK_Config)
    i.HardFault_Handler                      0x08001f9c   Section        0  stm32f7xx_it.o(i.HardFault_Handler)
    i.LedInit                                0x08001fa0   Section        0  init.o(i.LedInit)
    LedInit                                  0x08001fa1   Thumb Code    66  init.o(i.LedInit)
    i.MemManage_Handler                      0x08001fec   Section        0  stm32f7xx_it.o(i.MemManage_Handler)
    i.NMI_Handler                            0x08001ff0   Section        0  stm32f7xx_it.o(i.NMI_Handler)
    i.NVIC_GetPriorityGrouping               0x08001ff4   Section        0  stm32f7xx_hal_cortex.o(i.NVIC_GetPriorityGrouping)
    NVIC_GetPriorityGrouping                 0x08001ff5   Thumb Code    10  stm32f7xx_hal_cortex.o(i.NVIC_GetPriorityGrouping)
    i.NVIC_SetPriority                       0x08002004   Section        0  stm32f7xx_hal_cortex.o(i.NVIC_SetPriority)
    NVIC_SetPriority                         0x08002005   Thumb Code    32  stm32f7xx_hal_cortex.o(i.NVIC_SetPriority)
    i.PendSV_Handler                         0x0800202c   Section        0  stm32f7xx_it.o(i.PendSV_Handler)
    i.SDMMC1_IRQHandler                      0x08002030   Section        0  fatfs_sd_sdio.o(i.SDMMC1_IRQHandler)
    i.SDMMC_DataConfig                       0x08002040   Section        0  stm32f7xx_ll_sdmmc.o(i.SDMMC_DataConfig)
    i.SDMMC_GetCommandResponse               0x0800206c   Section        0  stm32f7xx_ll_sdmmc.o(i.SDMMC_GetCommandResponse)
    i.SDMMC_GetPowerState                    0x08002074   Section        0  stm32f7xx_ll_sdmmc.o(i.SDMMC_GetPowerState)
    i.SDMMC_GetResponse                      0x0800207e   Section        0  stm32f7xx_ll_sdmmc.o(i.SDMMC_GetResponse)
    i.SDMMC_Init                             0x08002094   Section        0  stm32f7xx_ll_sdmmc.o(i.SDMMC_Init)
    i.SDMMC_PowerState_ON                    0x080020c8   Section        0  stm32f7xx_ll_sdmmc.o(i.SDMMC_PowerState_ON)
    i.SDMMC_ReadFIFO                         0x080020d2   Section        0  stm32f7xx_ll_sdmmc.o(i.SDMMC_ReadFIFO)
    i.SDMMC_SendCommand                      0x080020da   Section        0  stm32f7xx_ll_sdmmc.o(i.SDMMC_SendCommand)
    i.SD_CmdError                            0x08002102   Section        0  stm32f7xx_hal_sd.o(i.SD_CmdError)
    SD_CmdError                              0x08002103   Thumb Code    54  stm32f7xx_hal_sd.o(i.SD_CmdError)
    i.SD_CmdResp1Error                       0x08002138   Section        0  stm32f7xx_hal_sd.o(i.SD_CmdResp1Error)
    SD_CmdResp1Error                         0x08002139   Thumb Code   382  stm32f7xx_hal_sd.o(i.SD_CmdResp1Error)
    i.SD_CmdResp2Error                       0x080022bc   Section        0  stm32f7xx_hal_sd.o(i.SD_CmdResp2Error)
    SD_CmdResp2Error                         0x080022bd   Thumb Code    70  stm32f7xx_hal_sd.o(i.SD_CmdResp2Error)
    i.SD_CmdResp3Error                       0x08002302   Section        0  stm32f7xx_hal_sd.o(i.SD_CmdResp3Error)
    SD_CmdResp3Error                         0x08002303   Thumb Code    50  stm32f7xx_hal_sd.o(i.SD_CmdResp3Error)
    i.SD_CmdResp6Error                       0x08002334   Section        0  stm32f7xx_hal_sd.o(i.SD_CmdResp6Error)
    SD_CmdResp6Error                         0x08002335   Thumb Code   174  stm32f7xx_hal_sd.o(i.SD_CmdResp6Error)
    i.SD_CmdResp7Error                       0x080023e2   Section        0  stm32f7xx_hal_sd.o(i.SD_CmdResp7Error)
    SD_CmdResp7Error                         0x080023e3   Thumb Code   102  stm32f7xx_hal_sd.o(i.SD_CmdResp7Error)
    i.SD_DMA_RxCplt                          0x08002448   Section        0  stm32f7xx_hal_sd.o(i.SD_DMA_RxCplt)
    SD_DMA_RxCplt                            0x08002449   Thumb Code    32  stm32f7xx_hal_sd.o(i.SD_DMA_RxCplt)
    i.SD_DMA_RxError                         0x08002468   Section        0  stm32f7xx_hal_sd.o(i.SD_DMA_RxError)
    SD_DMA_RxError                           0x08002469   Thumb Code    14  stm32f7xx_hal_sd.o(i.SD_DMA_RxError)
    i.SD_DMA_TxCplt                          0x08002476   Section        0  stm32f7xx_hal_sd.o(i.SD_DMA_TxCplt)
    SD_DMA_TxCplt                            0x08002477   Thumb Code    32  stm32f7xx_hal_sd.o(i.SD_DMA_TxCplt)
    i.SD_DMA_TxError                         0x08002496   Section        0  stm32f7xx_hal_sd.o(i.SD_DMA_TxError)
    SD_DMA_TxError                           0x08002497   Thumb Code    14  stm32f7xx_hal_sd.o(i.SD_DMA_TxError)
    i.SD_Detect_MspInit                      0x080024a4   Section        0  fatfs_sd_sdio.o(i.SD_Detect_MspInit)
    SD_Detect_MspInit                        0x080024a5   Thumb Code    62  fatfs_sd_sdio.o(i.SD_Detect_MspInit)
    i.SD_FindSCR                             0x080024ec   Section        0  stm32f7xx_hal_sd.o(i.SD_FindSCR)
    SD_FindSCR                               0x080024ed   Thumb Code   346  stm32f7xx_hal_sd.o(i.SD_FindSCR)
    i.SD_GetCardInfo                         0x08002648   Section        0  fatfs_sd_sdio.o(i.SD_GetCardInfo)
    i.SD_GetState                            0x0800265c   Section        0  stm32f7xx_hal_sd.o(i.SD_GetState)
    SD_GetState                              0x0800265d   Thumb Code    30  stm32f7xx_hal_sd.o(i.SD_GetState)
    i.SD_GetStatus                           0x0800267c   Section        0  fatfs_sd_sdio.o(i.SD_GetStatus)
    i.SD_Init                                0x0800268c   Section        0  fatfs_sd_sdio.o(i.SD_Init)
    SD_Init                                  0x0800268d   Thumb Code    84  fatfs_sd_sdio.o(i.SD_Init)
    i.SD_Initialize_Cards                    0x080026ec   Section        0  stm32f7xx_hal_sd.o(i.SD_Initialize_Cards)
    SD_Initialize_Cards                      0x080026ed   Thumb Code   266  stm32f7xx_hal_sd.o(i.SD_Initialize_Cards)
    i.SD_IsDetected                          0x080027f8   Section        0  fatfs_sd_sdio.o(i.SD_IsDetected)
    SD_IsDetected                            0x080027f9   Thumb Code    14  fatfs_sd_sdio.o(i.SD_IsDetected)
    i.SD_MspInit                             0x0800280c   Section        0  fatfs_sd_sdio.o(i.SD_MspInit)
    SD_MspInit                               0x0800280d   Thumb Code   384  fatfs_sd_sdio.o(i.SD_MspInit)
    i.SD_PowerON                             0x080029a8   Section        0  stm32f7xx_hal_sd.o(i.SD_PowerON)
    SD_PowerON                               0x080029a9   Thumb Code   360  stm32f7xx_hal_sd.o(i.SD_PowerON)
    i.SD_ReadBlocks_DMA                      0x08002b14   Section        0  fatfs_sd_sdio.o(i.SD_ReadBlocks_DMA)
    i.SD_Select_Deselect                     0x08002b58   Section        0  stm32f7xx_hal_sd.o(i.SD_Select_Deselect)
    SD_Select_Deselect                       0x08002b59   Thumb Code    56  stm32f7xx_hal_sd.o(i.SD_Select_Deselect)
    i.SD_SendStatus                          0x08002b90   Section        0  stm32f7xx_hal_sd.o(i.SD_SendStatus)
    SD_SendStatus                            0x08002b91   Thumb Code    82  stm32f7xx_hal_sd.o(i.SD_SendStatus)
    i.SD_WideBus_Disable                     0x08002be2   Section        0  stm32f7xx_hal_sd.o(i.SD_WideBus_Disable)
    SD_WideBus_Disable                       0x08002be3   Thumb Code   154  stm32f7xx_hal_sd.o(i.SD_WideBus_Disable)
    i.SD_WideBus_Enable                      0x08002c7c   Section        0  stm32f7xx_hal_sd.o(i.SD_WideBus_Enable)
    SD_WideBus_Enable                        0x08002c7d   Thumb Code   154  stm32f7xx_hal_sd.o(i.SD_WideBus_Enable)
    i.SD_WriteBlocks_DMA                     0x08002d18   Section        0  fatfs_sd_sdio.o(i.SD_WriteBlocks_DMA)
    i.SVC_Handler                            0x08002d5c   Section        0  stm32f7xx_it.o(i.SVC_Handler)
    i.SysTick_Handler                        0x08002d5e   Section        0  stm32f7xx_it.o(i.SysTick_Handler)
    i.SystemClock_Config                     0x08002d66   Section        0  init.o(i.SystemClock_Config)
    SystemClock_Config                       0x08002d67   Thumb Code   110  init.o(i.SystemClock_Config)
    i.SystemInit                             0x08002dd4   Section        0  system_stm32f7xx.o(i.SystemInit)
    i.UsageFault_Handler                     0x08002e38   Section        0  stm32f7xx_it.o(i.UsageFault_Handler)
    i.__scatterload_copy                     0x08002e3c   Section       14  handlers.o(i.__scatterload_copy)
    i.__scatterload_null                     0x08002e4a   Section        2  handlers.o(i.__scatterload_null)
    i.__scatterload_zeroinit                 0x08002e4c   Section       14  handlers.o(i.__scatterload_zeroinit)
    i.check_fs                               0x08002e5c   Section        0  ff.o(i.check_fs)
    check_fs                                 0x08002e5d   Thumb Code   140  ff.o(i.check_fs)
    i.chk_chr                                0x08002eec   Section        0  ff.o(i.chk_chr)
    chk_chr                                  0x08002eed   Thumb Code    20  ff.o(i.chk_chr)
    i.chk_lock                               0x08002f00   Section        0  ff.o(i.chk_lock)
    chk_lock                                 0x08002f01   Thumb Code   134  ff.o(i.chk_lock)
    i.clear_lock                             0x08002f8c   Section        0  ff.o(i.clear_lock)
    clear_lock                               0x08002f8d   Thumb Code    42  ff.o(i.clear_lock)
    i.clust2sect                             0x08002fbc   Section        0  ff.o(i.clust2sect)
    i.cmp_lfn                                0x08002fd8   Section        0  ff.o(i.cmp_lfn)
    cmp_lfn                                  0x08002fd9   Thumb Code   154  ff.o(i.cmp_lfn)
    i.create_chain                           0x08003078   Section        0  ff.o(i.create_chain)
    create_chain                             0x08003079   Thumb Code   214  ff.o(i.create_chain)
    i.create_name                            0x08003150   Section        0  ff.o(i.create_name)
    create_name                              0x08003151   Thumb Code   638  ff.o(i.create_name)
    i.dec_lock                               0x080033e8   Section        0  ff.o(i.dec_lock)
    dec_lock                                 0x080033e9   Thumb Code    72  ff.o(i.dec_lock)
    i.dir_alloc                              0x08003434   Section        0  ff.o(i.dir_alloc)
    dir_alloc                                0x08003435   Thumb Code    92  ff.o(i.dir_alloc)
    i.dir_find                               0x08003490   Section        0  ff.o(i.dir_find)
    dir_find                                 0x08003491   Thumb Code   234  ff.o(i.dir_find)
    i.dir_next                               0x0800357a   Section        0  ff.o(i.dir_next)
    dir_next                                 0x0800357b   Thumb Code   270  ff.o(i.dir_next)
    i.dir_register                           0x08003688   Section        0  ff.o(i.dir_register)
    dir_register                             0x08003689   Thumb Code   310  ff.o(i.dir_register)
    i.dir_sdi                                0x080037be   Section        0  ff.o(i.dir_sdi)
    dir_sdi                                  0x080037bf   Thumb Code   158  ff.o(i.dir_sdi)
    i.disk_initialize                        0x0800385c   Section        0  diskio.o(i.disk_initialize)
    i.disk_ioctl                             0x0800387e   Section        0  diskio.o(i.disk_ioctl)
    i.disk_read                              0x080038a8   Section        0  diskio.o(i.disk_read)
    i.disk_status                            0x080038da   Section        0  diskio.o(i.disk_status)
    i.disk_write                             0x080038fc   Section        0  diskio.o(i.disk_write)
    i.enq_lock                               0x08003930   Section        0  ff.o(i.enq_lock)
    enq_lock                                 0x08003931   Thumb Code    36  ff.o(i.enq_lock)
    i.f_close                                0x08003958   Section        0  ff.o(i.f_close)
    i.f_getfree                              0x08003982   Section        0  ff.o(i.f_getfree)
    i.f_mkdir                                0x08003a84   Section        0  ff.o(i.f_mkdir)
    i.f_mount                                0x08003bf8   Section        0  ff.o(i.f_mount)
    i.f_open                                 0x08003c58   Section        0  ff.o(i.f_open)
    i.f_printf                               0x08003e18   Section        0  ff.o(i.f_printf)
    i.f_sync                                 0x0800408c   Section        0  ff.o(i.f_sync)
    i.f_write                                0x0800413c   Section        0  ff.o(i.f_write)
    i.ff_convert                             0x08004314   Section        0  unicode.o(i.ff_convert)
    i.ff_wtoupper                            0x08004360   Section        0  unicode.o(i.ff_wtoupper)
    i.find_volume                            0x080043bc   Section        0  ff.o(i.find_volume)
    find_volume                              0x080043bd   Thumb Code   910  ff.o(i.find_volume)
    i.fit_lfn                                0x0800475c   Section        0  ff.o(i.fit_lfn)
    fit_lfn                                  0x0800475d   Thumb Code   122  ff.o(i.fit_lfn)
    i.follow_path                            0x080047dc   Section        0  ff.o(i.follow_path)
    follow_path                              0x080047dd   Thumb Code   174  ff.o(i.follow_path)
    i.gen_numname                            0x0800488c   Section        0  ff.o(i.gen_numname)
    gen_numname                              0x0800488d   Thumb Code   176  ff.o(i.gen_numname)
    i.get_fat                                0x08004940   Section        0  ff.o(i.get_fat)
    i.get_ldnumber                           0x08004a34   Section        0  ff.o(i.get_ldnumber)
    get_ldnumber                             0x08004a35   Thumb Code   170  ff.o(i.get_ldnumber)
    i.inc_lock                               0x08004ae4   Section        0  ff.o(i.inc_lock)
    inc_lock                                 0x08004ae5   Thumb Code   214  ff.o(i.inc_lock)
    i.init                                   0x08004bc0   Section        0  init.o(i.init)
    i.ld_clust                               0x08004bd0   Section        0  ff.o(i.ld_clust)
    ld_clust                                 0x08004bd1   Thumb Code    32  ff.o(i.ld_clust)
    i.ledOn                                  0x08004bf0   Section        0  init.o(i.ledOn)
    i.main                                   0x08004bfc   Section        0  main.o(i.main)
    i.mem_cmp                                0x08004cc8   Section        0  ff.o(i.mem_cmp)
    mem_cmp                                  0x08004cc9   Thumb Code    38  ff.o(i.mem_cmp)
    i.mem_cpy                                0x08004cee   Section        0  ff.o(i.mem_cpy)
    mem_cpy                                  0x08004cef   Thumb Code    26  ff.o(i.mem_cpy)
    i.mem_set                                0x08004d08   Section        0  ff.o(i.mem_set)
    mem_set                                  0x08004d09   Thumb Code    20  ff.o(i.mem_set)
    i.move_window                            0x08004d1c   Section        0  ff.o(i.move_window)
    move_window                              0x08004d1d   Thumb Code    52  ff.o(i.move_window)
    i.put_fat                                0x08004d50   Section        0  ff.o(i.put_fat)
    i.putc_bfd                               0x08004e92   Section        0  ff.o(i.putc_bfd)
    putc_bfd                                 0x08004e93   Thumb Code    78  ff.o(i.putc_bfd)
    i.remove_chain                           0x08004ee0   Section        0  ff.o(i.remove_chain)
    remove_chain                             0x08004ee1   Thumb Code   108  ff.o(i.remove_chain)
    i.st_clust                               0x08004f4c   Section        0  ff.o(i.st_clust)
    st_clust                                 0x08004f4d   Thumb Code    16  ff.o(i.st_clust)
    i.sum_sfn                                0x08004f5c   Section        0  ff.o(i.sum_sfn)
    sum_sfn                                  0x08004f5d   Thumb Code    32  ff.o(i.sum_sfn)
    i.sync_fs                                0x08004f7c   Section        0  ff.o(i.sync_fs)
    sync_fs                                  0x08004f7d   Thumb Code   200  ff.o(i.sync_fs)
    i.sync_window                            0x08005044   Section        0  ff.o(i.sync_window)
    sync_window                              0x08005045   Thumb Code    82  ff.o(i.sync_window)
    i.validate                               0x08005096   Section        0  ff.o(i.validate)
    validate                                 0x08005097   Thumb Code    50  ff.o(i.validate)
    .constdata                               0x080050c8   Section        8  stm32f7xx_hal_dma.o(.constdata)
    flagBitshiftOffset                       0x080050c8   Data           8  stm32f7xx_hal_dma.o(.constdata)
    .constdata                               0x080050d0   Section       16  stm32f7xx_hal_rcc.o(.constdata)
    .constdata                               0x080050e0   Section      192  ff.o(.constdata)
    ExCvt                                    0x080050e0   Data         128  ff.o(.constdata)
    LfnOfs                                   0x08005160   Data          13  ff.o(.constdata)
    str                                      0x08005170   Data           4  ff.o(.constdata)
    vst                                      0x08005174   Data          22  ff.o(.constdata)
    cst                                      0x0800518a   Data          22  ff.o(.constdata)
    .constdata                               0x080051a0   Section     2232  unicode.o(.constdata)
    Tbl                                      0x080051a0   Data         256  unicode.o(.constdata)
    lower                                    0x080052a0   Data         988  unicode.o(.constdata)
    upper                                    0x0800567c   Data         988  unicode.o(.constdata)
    .conststring                             0x08005a58   Section        3  ff.o(.conststring)
    .data                                    0x20010000   Section       12  main.o(.data)
    .data                                    0x2001000c   Section        4  system_stm32f7xx.o(.data)
    .data                                    0x20010010   Section        4  stm32f7xx_hal.o(.data)
    uwTick                                   0x20010010   Data           4  stm32f7xx_hal.o(.data)
    .data                                    0x20010014   Section        6  ff.o(.data)
    FatFs                                    0x20010014   Data           4  ff.o(.data)
    Fsid                                     0x20010018   Data           2  ff.o(.data)
    .data                                    0x2001001a   Section        1  fatfs_sd_sdio.o(.data)
    Stat                                     0x2001001a   Data           1  fatfs_sd_sdio.o(.data)
    .bss                                     0x2001001c   Section     1160  main.o(.bss)
    .bss                                     0x200104a4   Section      120  ff.o(.bss)
    Files                                    0x200104a4   Data         120  ff.o(.bss)
    .bss                                     0x20010520   Section      360  fatfs_sd_sdio.o(.bss)
    uSdHandle                                0x20010520   Data          96  fatfs_sd_sdio.o(.bss)
    uSdCardInfo                              0x20010580   Data          88  fatfs_sd_sdio.o(.bss)
    dma_rx_handle                            0x200105d8   Data          88  fatfs_sd_sdio.o(.bss)
    dma_tx_handle                            0x20010630   Data          88  fatfs_sd_sdio.o(.bss)
    STACK                                    0x20010688   Section     1024  startup_stm32f746xx.o(STACK)

    Global Symbols

    Symbol Name                              Value     Ov Type        Size  Object(Section)

    BuildAttributes$$THM_ISAv4$E$P$D$K$B$S$7EM$VFPi3$EXTD16$VFPS$VFMA$PE$PLD8$A:L22UL41UL21$X:L11$S22US41US21$IEEE1$IW$USESV6$~STKCKD$USESV7$~SHL$OSPACE$ROPI$EBA8$MICROLIB$REQ8$PRES8$EABIv2 0x00000000   Number         0  anon$$obj.o ABSOLUTE
    __ARM_use_no_argv                        0x00000000   Number         0  main.o ABSOLUTE
    __cpp_initialize__aeabi_                  - Undefined Weak Reference
    __cxa_finalize                            - Undefined Weak Reference
    __decompress                              - Undefined Weak Reference
    _clock_init                               - Undefined Weak Reference
    _microlib_exit                            - Undefined Weak Reference
    __Vectors_Size                           0x000001c8   Number         0  startup_stm32f746xx.o ABSOLUTE
    __Vectors                                0x08000000   Data           4  startup_stm32f746xx.o(RESET)
    __Vectors_End                            0x080001c8   Data           0  startup_stm32f746xx.o(RESET)
    __main                                   0x080001c9   Thumb Code     0  entry.o(.ARM.Collect$$$$00000000)
    _main_stk                                0x080001c9   Thumb Code     0  entry2.o(.ARM.Collect$$$$00000001)
    _main_scatterload                        0x080001cd   Thumb Code     0  entry5.o(.ARM.Collect$$$$00000004)
    __main_after_scatterload                 0x080001d1   Thumb Code     0  entry5.o(.ARM.Collect$$$$00000004)
    _main_clock                              0x080001d1   Thumb Code     0  entry7b.o(.ARM.Collect$$$$00000008)
    _main_cpp_init                           0x080001d1   Thumb Code     0  entry8b.o(.ARM.Collect$$$$0000000A)
    _main_init                               0x080001d1   Thumb Code     0  entry9a.o(.ARM.Collect$$$$0000000B)
    __rt_final_cpp                           0x080001d9   Thumb Code     0  entry10a.o(.ARM.Collect$$$$0000000D)
    __rt_final_exit                          0x080001d9   Thumb Code     0  entry11a.o(.ARM.Collect$$$$0000000F)
    Reset_Handler                            0x080001dd   Thumb Code     8  startup_stm32f746xx.o(.text)
    ADC_IRQHandler                           0x080001f7   Thumb Code     0  startup_stm32f746xx.o(.text)
    CAN1_RX0_IRQHandler                      0x080001f7   Thumb Code     0  startup_stm32f746xx.o(.text)
    CAN1_RX1_IRQHandler                      0x080001f7   Thumb Code     0  startup_stm32f746xx.o(.text)
    CAN1_SCE_IRQHandler                      0x080001f7   Thumb Code     0  startup_stm32f746xx.o(.text)
    CAN1_TX_IRQHandler                       0x080001f7   Thumb Code     0  startup_stm32f746xx.o(.text)
    CAN2_RX0_IRQHandler                      0x080001f7   Thumb Code     0  startup_stm32f746xx.o(.text)
    CAN2_RX1_IRQHandler                      0x080001f7   Thumb Code     0  startup_stm32f746xx.o(.text)
    CAN2_SCE_IRQHandler                      0x080001f7   Thumb Code     0  startup_stm32f746xx.o(.text)
    CAN2_TX_IRQHandler                       0x080001f7   Thumb Code     0  startup_stm32f746xx.o(.text)
    CEC_IRQHandler                           0x080001f7   Thumb Code     0  startup_stm32f746xx.o(.text)
    DCMI_IRQHandler                          0x080001f7   Thumb Code     0  startup_stm32f746xx.o(.text)
    DMA1_Stream0_IRQHandler                  0x080001f7   Thumb Code     0  startup_stm32f746xx.o(.text)
    DMA1_Stream1_IRQHandler                  0x080001f7   Thumb Code     0  startup_stm32f746xx.o(.text)
    DMA1_Stream2_IRQHandler                  0x080001f7   Thumb Code     0  startup_stm32f746xx.o(.text)
    DMA1_Stream3_IRQHandler                  0x080001f7   Thumb Code     0  startup_stm32f746xx.o(.text)
    DMA1_Stream4_IRQHandler                  0x080001f7   Thumb Code     0  startup_stm32f746xx.o(.text)
    DMA1_Stream5_IRQHandler                  0x080001f7   Thumb Code     0  startup_stm32f746xx.o(.text)
    DMA1_Stream6_IRQHandler                  0x080001f7   Thumb Code     0  startup_stm32f746xx.o(.text)
    DMA1_Stream7_IRQHandler                  0x080001f7   Thumb Code     0  startup_stm32f746xx.o(.text)
    DMA2D_IRQHandler                         0x080001f7   Thumb Code     0  startup_stm32f746xx.o(.text)
    DMA2_Stream0_IRQHandler                  0x080001f7   Thumb Code     0  startup_stm32f746xx.o(.text)
    DMA2_Stream1_IRQHandler                  0x080001f7   Thumb Code     0  startup_stm32f746xx.o(.text)
    DMA2_Stream2_IRQHandler                  0x080001f7   Thumb Code     0  startup_stm32f746xx.o(.text)
    DMA2_Stream4_IRQHandler                  0x080001f7   Thumb Code     0  startup_stm32f746xx.o(.text)
    DMA2_Stream5_IRQHandler                  0x080001f7   Thumb Code     0  startup_stm32f746xx.o(.text)
    DMA2_Stream7_IRQHandler                  0x080001f7   Thumb Code     0  startup_stm32f746xx.o(.text)
    ETH_IRQHandler                           0x080001f7   Thumb Code     0  startup_stm32f746xx.o(.text)
    ETH_WKUP_IRQHandler                      0x080001f7   Thumb Code     0  startup_stm32f746xx.o(.text)
    EXTI0_IRQHandler                         0x080001f7   Thumb Code     0  startup_stm32f746xx.o(.text)
    EXTI15_10_IRQHandler                     0x080001f7   Thumb Code     0  startup_stm32f746xx.o(.text)
    EXTI1_IRQHandler                         0x080001f7   Thumb Code     0  startup_stm32f746xx.o(.text)
    EXTI2_IRQHandler                         0x080001f7   Thumb Code     0  startup_stm32f746xx.o(.text)
    EXTI3_IRQHandler                         0x080001f7   Thumb Code     0  startup_stm32f746xx.o(.text)
    EXTI4_IRQHandler                         0x080001f7   Thumb Code     0  startup_stm32f746xx.o(.text)
    EXTI9_5_IRQHandler                       0x080001f7   Thumb Code     0  startup_stm32f746xx.o(.text)
    FLASH_IRQHandler                         0x080001f7   Thumb Code     0  startup_stm32f746xx.o(.text)
    FMC_IRQHandler                           0x080001f7   Thumb Code     0  startup_stm32f746xx.o(.text)
    FPU_IRQHandler                           0x080001f7   Thumb Code     0  startup_stm32f746xx.o(.text)
    I2C1_ER_IRQHandler                       0x080001f7   Thumb Code     0  startup_stm32f746xx.o(.text)
    I2C1_EV_IRQHandler                       0x080001f7   Thumb Code     0  startup_stm32f746xx.o(.text)
    I2C2_ER_IRQHandler                       0x080001f7   Thumb Code     0  startup_stm32f746xx.o(.text)
    I2C2_EV_IRQHandler                       0x080001f7   Thumb Code     0  startup_stm32f746xx.o(.text)
    I2C3_ER_IRQHandler                       0x080001f7   Thumb Code     0  startup_stm32f746xx.o(.text)
    I2C3_EV_IRQHandler                       0x080001f7   Thumb Code     0  startup_stm32f746xx.o(.text)
    I2C4_ER_IRQHandler                       0x080001f7   Thumb Code     0  startup_stm32f746xx.o(.text)
    I2C4_EV_IRQHandler                       0x080001f7   Thumb Code     0  startup_stm32f746xx.o(.text)
    LPTIM1_IRQHandler                        0x080001f7   Thumb Code     0  startup_stm32f746xx.o(.text)
    LTDC_ER_IRQHandler                       0x080001f7   Thumb Code     0  startup_stm32f746xx.o(.text)
    LTDC_IRQHandler                          0x080001f7   Thumb Code     0  startup_stm32f746xx.o(.text)
    OTG_FS_IRQHandler                        0x080001f7   Thumb Code     0  startup_stm32f746xx.o(.text)
    OTG_FS_WKUP_IRQHandler                   0x080001f7   Thumb Code     0  startup_stm32f746xx.o(.text)
    OTG_HS_EP1_IN_IRQHandler                 0x080001f7   Thumb Code     0  startup_stm32f746xx.o(.text)
    OTG_HS_EP1_OUT_IRQHandler                0x080001f7   Thumb Code     0  startup_stm32f746xx.o(.text)
    OTG_HS_IRQHandler                        0x080001f7   Thumb Code     0  startup_stm32f746xx.o(.text)
    OTG_HS_WKUP_IRQHandler                   0x080001f7   Thumb Code     0  startup_stm32f746xx.o(.text)
    PVD_IRQHandler                           0x080001f7   Thumb Code     0  startup_stm32f746xx.o(.text)
    QUADSPI_IRQHandler                       0x080001f7   Thumb Code     0  startup_stm32f746xx.o(.text)
    RCC_IRQHandler                           0x080001f7   Thumb Code     0  startup_stm32f746xx.o(.text)
    RNG_IRQHandler                           0x080001f7   Thumb Code     0  startup_stm32f746xx.o(.text)
    RTC_Alarm_IRQHandler                     0x080001f7   Thumb Code     0  startup_stm32f746xx.o(.text)
    RTC_WKUP_IRQHandler                      0x080001f7   Thumb Code     0  startup_stm32f746xx.o(.text)
    SAI1_IRQHandler                          0x080001f7   Thumb Code     0  startup_stm32f746xx.o(.text)
    SAI2_IRQHandler                          0x080001f7   Thumb Code     0  startup_stm32f746xx.o(.text)
    SPDIF_RX_IRQHandler                      0x080001f7   Thumb Code     0  startup_stm32f746xx.o(.text)
    SPI1_IRQHandler                          0x080001f7   Thumb Code     0  startup_stm32f746xx.o(.text)
    SPI2_IRQHandler                          0x080001f7   Thumb Code     0  startup_stm32f746xx.o(.text)
    SPI3_IRQHandler                          0x080001f7   Thumb Code     0  startup_stm32f746xx.o(.text)
    SPI4_IRQHandler                          0x080001f7   Thumb Code     0  startup_stm32f746xx.o(.text)
    SPI5_IRQHandler                          0x080001f7   Thumb Code     0  startup_stm32f746xx.o(.text)
    SPI6_IRQHandler                          0x080001f7   Thumb Code     0  startup_stm32f746xx.o(.text)
    TAMP_STAMP_IRQHandler                    0x080001f7   Thumb Code     0  startup_stm32f746xx.o(.text)
    TIM1_BRK_TIM9_IRQHandler                 0x080001f7   Thumb Code     0  startup_stm32f746xx.o(.text)
    TIM1_CC_IRQHandler                       0x080001f7   Thumb Code     0  startup_stm32f746xx.o(.text)
    TIM1_TRG_COM_TIM11_IRQHandler            0x080001f7   Thumb Code     0  startup_stm32f746xx.o(.text)
    TIM1_UP_TIM10_IRQHandler                 0x080001f7   Thumb Code     0  startup_stm32f746xx.o(.text)
    TIM2_IRQHandler                          0x080001f7   Thumb Code     0  startup_stm32f746xx.o(.text)
    TIM3_IRQHandler                          0x080001f7   Thumb Code     0  startup_stm32f746xx.o(.text)
    TIM4_IRQHandler                          0x080001f7   Thumb Code     0  startup_stm32f746xx.o(.text)
    TIM5_IRQHandler                          0x080001f7   Thumb Code     0  startup_stm32f746xx.o(.text)
    TIM6_DAC_IRQHandler                      0x080001f7   Thumb Code     0  startup_stm32f746xx.o(.text)
    TIM7_IRQHandler                          0x080001f7   Thumb Code     0  startup_stm32f746xx.o(.text)
    TIM8_BRK_TIM12_IRQHandler                0x080001f7   Thumb Code     0  startup_stm32f746xx.o(.text)
    TIM8_CC_IRQHandler                       0x080001f7   Thumb Code     0  startup_stm32f746xx.o(.text)
    TIM8_TRG_COM_TIM14_IRQHandler            0x080001f7   Thumb Code     0  startup_stm32f746xx.o(.text)
    TIM8_UP_TIM13_IRQHandler                 0x080001f7   Thumb Code     0  startup_stm32f746xx.o(.text)
    UART4_IRQHandler                         0x080001f7   Thumb Code     0  startup_stm32f746xx.o(.text)
    UART5_IRQHandler                         0x080001f7   Thumb Code     0  startup_stm32f746xx.o(.text)
    UART7_IRQHandler                         0x080001f7   Thumb Code     0  startup_stm32f746xx.o(.text)
    UART8_IRQHandler                         0x080001f7   Thumb Code     0  startup_stm32f746xx.o(.text)
    USART1_IRQHandler                        0x080001f7   Thumb Code     0  startup_stm32f746xx.o(.text)
    USART2_IRQHandler                        0x080001f7   Thumb Code     0  startup_stm32f746xx.o(.text)
    USART3_IRQHandler                        0x080001f7   Thumb Code     0  startup_stm32f746xx.o(.text)
    USART6_IRQHandler                        0x080001f7   Thumb Code     0  startup_stm32f746xx.o(.text)
    WWDG_IRQHandler                          0x080001f7   Thumb Code     0  startup_stm32f746xx.o(.text)
    __aeabi_uldivmod                         0x08000201   Thumb Code    98  uldiv.o(.text)
    __aeabi_dmul                             0x08000263   Thumb Code   228  dmul.o(.text)
    __aeabi_ui2d                             0x08000347   Thumb Code    26  dfltui.o(.text)
    __aeabi_d2uiz                            0x08000361   Thumb Code    50  dfixui.o(.text)
    __aeabi_llsl                             0x08000393   Thumb Code    30  llshl.o(.text)
    _ll_shift_l                              0x08000393   Thumb Code     0  llshl.o(.text)
    __aeabi_llsr                             0x080003b1   Thumb Code    32  llushr.o(.text)
    _ll_ushift_r                             0x080003b1   Thumb Code     0  llushr.o(.text)
    __I$use$fp                               0x080003d1   Thumb Code     0  iusefp.o(.text)
    _double_round                            0x080003d1   Thumb Code    30  depilogue.o(.text)
    _double_epilogue                         0x080003ef   Thumb Code   156  depilogue.o(.text)
    __scatterload                            0x0800048d   Thumb Code    28  init.o(.text)
    __scatterload_rt2                        0x0800048d   Thumb Code     0  init.o(.text)
    AK_FATFS_GetDriveSize                    0x080004b1   Thumb Code   124  ak_stm32_fatfs.o(i.AK_FATFS_GetDriveSize)
    BusFault_Handler                         0x08000535   Thumb Code     4  stm32f7xx_it.o(i.BusFault_Handler)
    DMA2_Stream3_IRQHandler                  0x08000539   Thumb Code    12  fatfs_sd_sdio.o(i.DMA2_Stream3_IRQHandler)
    DMA2_Stream6_IRQHandler                  0x08000549   Thumb Code    12  fatfs_sd_sdio.o(i.DMA2_Stream6_IRQHandler)
    DebugMon_Handler                         0x080005b9   Thumb Code     2  stm32f7xx_it.o(i.DebugMon_Handler)
    FATFS_SD_SDIO_disk_initialize            0x080005bd   Thumb Code    46  fatfs_sd_sdio.o(i.FATFS_SD_SDIO_disk_initialize)
    FATFS_SD_SDIO_disk_ioctl                 0x080005f1   Thumb Code   116  fatfs_sd_sdio.o(i.FATFS_SD_SDIO_disk_ioctl)
    FATFS_SD_SDIO_disk_read                  0x08000669   Thumb Code    38  fatfs_sd_sdio.o(i.FATFS_SD_SDIO_disk_read)
    FATFS_SD_SDIO_disk_status                0x08000691   Thumb Code    46  fatfs_sd_sdio.o(i.FATFS_SD_SDIO_disk_status)
    FATFS_SD_SDIO_disk_write                 0x080006c5   Thumb Code    38  fatfs_sd_sdio.o(i.FATFS_SD_SDIO_disk_write)
    HAL_DMA_Abort                            0x080006eb   Thumb Code    94  stm32f7xx_hal_dma.o(i.HAL_DMA_Abort)
    HAL_DMA_DeInit                           0x08000749   Thumb Code   100  stm32f7xx_hal_dma.o(i.HAL_DMA_DeInit)
    HAL_DMA_IRQHandler                       0x080007ad   Thumb Code   530  stm32f7xx_hal_dma.o(i.HAL_DMA_IRQHandler)
    HAL_DMA_Init                             0x080009c5   Thumb Code   128  stm32f7xx_hal_dma.o(i.HAL_DMA_Init)
    HAL_DMA_Start_IT                         0x08000a49   Thumb Code   106  stm32f7xx_hal_dma.o(i.HAL_DMA_Start_IT)
    HAL_Delay                                0x08000ab3   Thumb Code    26  stm32f7xx_hal.o(i.HAL_Delay)
    HAL_GPIO_Init                            0x08000acd   Thumb Code   484  stm32f7xx_hal_gpio.o(i.HAL_GPIO_Init)
    HAL_GetTick                              0x08000ce5   Thumb Code     6  stm32f7xx_hal.o(i.HAL_GetTick)
    HAL_IncTick                              0x08000cf1   Thumb Code    12  stm32f7xx_hal.o(i.HAL_IncTick)
    HAL_Init                                 0x08000d01   Thumb Code    34  stm32f7xx_hal.o(i.HAL_Init)
    HAL_InitTick                             0x08000d29   Thumb Code    36  stm32f7xx_hal.o(i.HAL_InitTick)
    HAL_MspInit                              0x08000d4d   Thumb Code     2  stm32f7xx_hal_msp_template.o(i.HAL_MspInit)
    HAL_NVIC_EnableIRQ                       0x08000d4f   Thumb Code    26  stm32f7xx_hal_cortex.o(i.HAL_NVIC_EnableIRQ)
    HAL_NVIC_SetPriority                     0x08000d69   Thumb Code   124  stm32f7xx_hal_cortex.o(i.HAL_NVIC_SetPriority)
    HAL_NVIC_SetPriorityGrouping             0x08000de5   Thumb Code    32  stm32f7xx_hal_cortex.o(i.HAL_NVIC_SetPriorityGrouping)
    HAL_PWREx_EnableOverDrive                0x08000e0d   Thumb Code   136  stm32f7xx_hal_pwr_ex.o(i.HAL_PWREx_EnableOverDrive)
    HAL_RCC_ClockConfig                      0x08000e9d   Thumb Code   608  stm32f7xx_hal_rcc.o(i.HAL_RCC_ClockConfig)
    HAL_RCC_GetHCLKFreq                      0x08001105   Thumb Code    42  stm32f7xx_hal_rcc.o(i.HAL_RCC_GetHCLKFreq)
    HAL_RCC_GetSysClockFreq                  0x0800113d   Thumb Code   168  stm32f7xx_hal_rcc.o(i.HAL_RCC_GetSysClockFreq)
    HAL_RCC_OscConfig                        0x080011f1   Thumb Code  1356  stm32f7xx_hal_rcc.o(i.HAL_RCC_OscConfig)
    HAL_SD_CheckReadOperation                0x08001741   Thumb Code   124  stm32f7xx_hal_sd.o(i.HAL_SD_CheckReadOperation)
    HAL_SD_CheckWriteOperation               0x080017bd   Thumb Code   136  stm32f7xx_hal_sd.o(i.HAL_SD_CheckWriteOperation)
    HAL_SD_DMA_RxCpltCallback                0x08001845   Thumb Code     2  stm32f7xx_hal_sd.o(i.HAL_SD_DMA_RxCpltCallback)
    HAL_SD_DMA_RxErrorCallback               0x08001847   Thumb Code     2  stm32f7xx_hal_sd.o(i.HAL_SD_DMA_RxErrorCallback)
    HAL_SD_DMA_TxCpltCallback                0x08001849   Thumb Code     2  stm32f7xx_hal_sd.o(i.HAL_SD_DMA_TxCpltCallback)
    HAL_SD_DMA_TxErrorCallback               0x0800184b   Thumb Code     2  stm32f7xx_hal_sd.o(i.HAL_SD_DMA_TxErrorCallback)
    HAL_SD_GetStatus                         0x0800184d   Thumb Code    34  stm32f7xx_hal_sd.o(i.HAL_SD_GetStatus)
    HAL_SD_Get_CardInfo                      0x0800186f   Thumb Code   708  stm32f7xx_hal_sd.o(i.HAL_SD_Get_CardInfo)
    HAL_SD_IRQHandler                        0x08001b33   Thumb Code   162  stm32f7xx_hal_sd.o(i.HAL_SD_IRQHandler)
    HAL_SD_Init                              0x08001bd5   Thumb Code   156  stm32f7xx_hal_sd.o(i.HAL_SD_Init)
    HAL_SD_MspInit                           0x08001c71   Thumb Code     2  stm32f7xx_hal_sd.o(i.HAL_SD_MspInit)
    HAL_SD_ReadBlocks_DMA                    0x08001c75   Thumb Code   278  stm32f7xx_hal_sd.o(i.HAL_SD_ReadBlocks_DMA)
    HAL_SD_StopTransfer                      0x08001d95   Thumb Code    54  stm32f7xx_hal_sd.o(i.HAL_SD_StopTransfer)
    HAL_SD_WideBusOperation_Config           0x08001dcb   Thumb Code   126  stm32f7xx_hal_sd.o(i.HAL_SD_WideBusOperation_Config)
    HAL_SD_WriteBlocks_DMA                   0x08001e49   Thumb Code   274  stm32f7xx_hal_sd.o(i.HAL_SD_WriteBlocks_DMA)
    HAL_SD_XferCpltCallback                  0x08001f65   Thumb Code     2  stm32f7xx_hal_sd.o(i.HAL_SD_XferCpltCallback)
    HAL_SD_XferErrorCallback                 0x08001f67   Thumb Code     2  stm32f7xx_hal_sd.o(i.HAL_SD_XferErrorCallback)
    HAL_SYSTICK_Config                       0x08001f69   Thumb Code    52  stm32f7xx_hal_cortex.o(i.HAL_SYSTICK_Config)
    HardFault_Handler                        0x08001f9d   Thumb Code     4  stm32f7xx_it.o(i.HardFault_Handler)
    MemManage_Handler                        0x08001fed   Thumb Code     4  stm32f7xx_it.o(i.MemManage_Handler)
    NMI_Handler                              0x08001ff1   Thumb Code     2  stm32f7xx_it.o(i.NMI_Handler)
    PendSV_Handler                           0x0800202d   Thumb Code     2  stm32f7xx_it.o(i.PendSV_Handler)
    SDMMC1_IRQHandler                        0x08002031   Thumb Code    10  fatfs_sd_sdio.o(i.SDMMC1_IRQHandler)
    SDMMC_DataConfig                         0x08002041   Thumb Code    44  stm32f7xx_ll_sdmmc.o(i.SDMMC_DataConfig)
    SDMMC_GetCommandResponse                 0x0800206d   Thumb Code     8  stm32f7xx_ll_sdmmc.o(i.SDMMC_GetCommandResponse)
    SDMMC_GetPowerState                      0x08002075   Thumb Code    10  stm32f7xx_ll_sdmmc.o(i.SDMMC_GetPowerState)
    SDMMC_GetResponse                        0x0800207f   Thumb Code    22  stm32f7xx_ll_sdmmc.o(i.SDMMC_GetResponse)
    SDMMC_Init                               0x08002095   Thumb Code    52  stm32f7xx_ll_sdmmc.o(i.SDMMC_Init)
    SDMMC_PowerState_ON                      0x080020c9   Thumb Code    10  stm32f7xx_ll_sdmmc.o(i.SDMMC_PowerState_ON)
    SDMMC_ReadFIFO                           0x080020d3   Thumb Code     8  stm32f7xx_ll_sdmmc.o(i.SDMMC_ReadFIFO)
    SDMMC_SendCommand                        0x080020db   Thumb Code    40  stm32f7xx_ll_sdmmc.o(i.SDMMC_SendCommand)
    SD_GetCardInfo                           0x08002649   Thumb Code    14  fatfs_sd_sdio.o(i.SD_GetCardInfo)
    SD_GetStatus                             0x0800267d   Thumb Code    10  fatfs_sd_sdio.o(i.SD_GetStatus)
    SD_ReadBlocks_DMA                        0x08002b15   Thumb Code    60  fatfs_sd_sdio.o(i.SD_ReadBlocks_DMA)
    SD_WriteBlocks_DMA                       0x08002d19   Thumb Code    60  fatfs_sd_sdio.o(i.SD_WriteBlocks_DMA)
    SVC_Handler                              0x08002d5d   Thumb Code     2  stm32f7xx_it.o(i.SVC_Handler)
    SysTick_Handler                          0x08002d5f   Thumb Code     8  stm32f7xx_it.o(i.SysTick_Handler)
    SystemInit                               0x08002dd5   Thumb Code    82  system_stm32f7xx.o(i.SystemInit)
    UsageFault_Handler                       0x08002e39   Thumb Code     4  stm32f7xx_it.o(i.UsageFault_Handler)
    __scatterload_copy                       0x08002e3d   Thumb Code    14  handlers.o(i.__scatterload_copy)
    __scatterload_null                       0x08002e4b   Thumb Code     2  handlers.o(i.__scatterload_null)
    __scatterload_zeroinit                   0x08002e4d   Thumb Code    14  handlers.o(i.__scatterload_zeroinit)
    clust2sect                               0x08002fbd   Thumb Code    26  ff.o(i.clust2sect)
    disk_initialize                          0x0800385d   Thumb Code    34  diskio.o(i.disk_initialize)
    disk_ioctl                               0x0800387f   Thumb Code    42  diskio.o(i.disk_ioctl)
    disk_read                                0x080038a9   Thumb Code    50  diskio.o(i.disk_read)
    disk_status                              0x080038db   Thumb Code    34  diskio.o(i.disk_status)
    disk_write                               0x080038fd   Thumb Code    50  diskio.o(i.disk_write)
    f_close                                  0x08003959   Thumb Code    42  ff.o(i.f_close)
    f_getfree                                0x08003983   Thumb Code   258  ff.o(i.f_getfree)
    f_mkdir                                  0x08003a85   Thumb Code   368  ff.o(i.f_mkdir)
    f_mount                                  0x08003bf9   Thumb Code    92  ff.o(i.f_mount)
    f_open                                   0x08003c59   Thumb Code   442  ff.o(i.f_open)
    f_printf                                 0x08003e19   Thumb Code   628  ff.o(i.f_printf)
    f_sync                                   0x0800408d   Thumb Code   172  ff.o(i.f_sync)
    f_write                                  0x0800413d   Thumb Code   472  ff.o(i.f_write)
    ff_convert                               0x08004315   Thumb Code    70  unicode.o(i.ff_convert)
    ff_wtoupper                              0x08004361   Thumb Code    84  unicode.o(i.ff_wtoupper)
    get_fat                                  0x08004941   Thumb Code   242  ff.o(i.get_fat)
    init                                     0x08004bc1   Thumb Code    16  init.o(i.init)
    ledOn                                    0x08004bf1   Thumb Code     8  init.o(i.ledOn)
    main                                     0x08004bfd   Thumb Code    92  main.o(i.main)
    put_fat                                  0x08004d51   Thumb Code   322  ff.o(i.put_fat)
    APBAHBPrescTable                         0x080050d0   Data          16  stm32f7xx_hal_rcc.o(.constdata)
    Region$$Table$$Base                      0x08005a5c   Number         0  anon$$obj.o(Region$$Table)
    Region$$Table$$Limit                     0x08005a7c   Number         0  anon$$obj.o(Region$$Table)
    fres                                     0x20010000   Data           1  main.o(.data)
    CardSize                                 0x20010004   Data           8  main.o(.data)
    SystemCoreClock                          0x2001000c   Data           4  system_stm32f7xx.o(.data)
    FS                                       0x2001001c   Data         564  main.o(.bss)
    file                                     0x20010250   Data         552  main.o(.bss)
    folder                                   0x20010478   Data          44  main.o(.bss)
    __initial_sp                             0x20010a88   Data           0  startup_stm32f746xx.o(STACK)



==============================================================================

Memory Map of the image

  Image Entry point : 0x080001c9

  Load Region LR_IROM1 (Base: 0x08000000, Size: 0x00005a98, Max: 0x00100000, ABSOLUTE)

    Execution Region ER_IROM1 (Base: 0x08000000, Size: 0x00005a7c, Max: 0x00100000, ABSOLUTE)

    Base Addr    Size         Type   Attr      Idx    E Section Name        Object

    0x08000000   0x000001c8   Data   RO          441    RESET               startup_stm32f746xx.o
    0x080001c8   0x00000000   Code   RO         9950  * .ARM.Collect$$$$00000000  mc_w.l(entry.o)
    0x080001c8   0x00000004   Code   RO         9967    .ARM.Collect$$$$00000001  mc_w.l(entry2.o)
    0x080001cc   0x00000004   Code   RO         9970    .ARM.Collect$$$$00000004  mc_w.l(entry5.o)
    0x080001d0   0x00000000   Code   RO         9972    .ARM.Collect$$$$00000008  mc_w.l(entry7b.o)
    0x080001d0   0x00000000   Code   RO         9974    .ARM.Collect$$$$0000000A  mc_w.l(entry8b.o)
    0x080001d0   0x00000008   Code   RO         9975    .ARM.Collect$$$$0000000B  mc_w.l(entry9a.o)
    0x080001d8   0x00000000   Code   RO         9977    .ARM.Collect$$$$0000000D  mc_w.l(entry10a.o)
    0x080001d8   0x00000000   Code   RO         9979    .ARM.Collect$$$$0000000F  mc_w.l(entry11a.o)
    0x080001d8   0x00000004   Code   RO         9968    .ARM.Collect$$$$00002712  mc_w.l(entry2.o)
    0x080001dc   0x00000024   Code   RO          442    .text               startup_stm32f746xx.o
    0x08000200   0x00000062   Code   RO         9953    .text               mc_w.l(uldiv.o)
    0x08000262   0x000000e4   Code   RO         9961    .text               mf_w.l(dmul.o)
    0x08000346   0x0000001a   Code   RO         9963    .text               mf_w.l(dfltui.o)
    0x08000360   0x00000032   Code   RO         9965    .text               mf_w.l(dfixui.o)
    0x08000392   0x0000001e   Code   RO         9981    .text               mc_w.l(llshl.o)
    0x080003b0   0x00000020   Code   RO         9983    .text               mc_w.l(llushr.o)
    0x080003d0   0x00000000   Code   RO         9985    .text               mc_w.l(iusefp.o)
    0x080003d0   0x000000ba   Code   RO         9986    .text               mf_w.l(depilogue.o)
    0x0800048a   0x00000002   PAD
    0x0800048c   0x00000024   Code   RO         9988    .text               mc_w.l(init.o)
    0x080004b0   0x00000084   Code   RO          421    i.AK_FATFS_GetDriveSize  ak_stm32_fatfs.o
    0x08000534   0x00000004   Code   RO          449    i.BusFault_Handler  stm32f7xx_it.o
    0x08000538   0x00000010   Code   RO         9822    i.DMA2_Stream3_IRQHandler  fatfs_sd_sdio.o
    0x08000548   0x00000010   Code   RO         9823    i.DMA2_Stream6_IRQHandler  fatfs_sd_sdio.o
    0x08000558   0x00000034   Code   RO         2000    i.DMA_CalcBaseAndBitshift  stm32f7xx_hal_dma.o
    0x0800058c   0x0000002c   Code   RO         2001    i.DMA_SetConfig     stm32f7xx_hal_dma.o
    0x080005b8   0x00000002   Code   RO          450    i.DebugMon_Handler  stm32f7xx_it.o
    0x080005ba   0x00000002   PAD
    0x080005bc   0x00000034   Code   RO         9824    i.FATFS_SD_SDIO_disk_initialize  fatfs_sd_sdio.o
    0x080005f0   0x00000078   Code   RO         9825    i.FATFS_SD_SDIO_disk_ioctl  fatfs_sd_sdio.o
    0x08000668   0x00000026   Code   RO         9826    i.FATFS_SD_SDIO_disk_read  fatfs_sd_sdio.o
    0x0800068e   0x00000002   PAD
    0x08000690   0x00000034   Code   RO         9827    i.FATFS_SD_SDIO_disk_status  fatfs_sd_sdio.o
    0x080006c4   0x00000026   Code   RO         9828    i.FATFS_SD_SDIO_disk_write  fatfs_sd_sdio.o
    0x080006ea   0x0000005e   Code   RO         2002    i.HAL_DMA_Abort     stm32f7xx_hal_dma.o
    0x08000748   0x00000064   Code   RO         2003    i.HAL_DMA_DeInit    stm32f7xx_hal_dma.o
    0x080007ac   0x00000218   Code   RO         2006    i.HAL_DMA_IRQHandler  stm32f7xx_hal_dma.o
    0x080009c4   0x00000084   Code   RO         2007    i.HAL_DMA_Init      stm32f7xx_hal_dma.o
    0x08000a48   0x0000006a   Code   RO         2010    i.HAL_DMA_Start_IT  stm32f7xx_hal_dma.o
    0x08000ab2   0x0000001a   Code   RO          683    i.HAL_Delay         stm32f7xx_hal.o
    0x08000acc   0x00000218   Code   RO         2690    i.HAL_GPIO_Init     stm32f7xx_hal_gpio.o
    0x08000ce4   0x0000000c   Code   RO          691    i.HAL_GetTick       stm32f7xx_hal.o
    0x08000cf0   0x00000010   Code   RO          692    i.HAL_IncTick       stm32f7xx_hal.o
    0x08000d00   0x00000028   Code   RO          693    i.HAL_Init          stm32f7xx_hal.o
    0x08000d28   0x00000024   Code   RO          694    i.HAL_InitTick      stm32f7xx_hal.o
    0x08000d4c   0x00000002   Code   RO         4162    i.HAL_MspInit       stm32f7xx_hal_msp_template.o
    0x08000d4e   0x0000001a   Code   RO         1360    i.HAL_NVIC_EnableIRQ  stm32f7xx_hal_cortex.o
    0x08000d68   0x0000007c   Code   RO         1366    i.HAL_NVIC_SetPriority  stm32f7xx_hal_cortex.o
    0x08000de4   0x00000028   Code   RO         1367    i.HAL_NVIC_SetPriorityGrouping  stm32f7xx_hal_cortex.o
    0x08000e0c   0x00000090   Code   RO         4854    i.HAL_PWREx_EnableOverDrive  stm32f7xx_hal_pwr_ex.o
    0x08000e9c   0x00000268   Code   RO         5168    i.HAL_RCC_ClockConfig  stm32f7xx_hal_rcc.o
    0x08001104   0x00000038   Code   RO         5173    i.HAL_RCC_GetHCLKFreq  stm32f7xx_hal_rcc.o
    0x0800113c   0x000000b4   Code   RO         5177    i.HAL_RCC_GetSysClockFreq  stm32f7xx_hal_rcc.o
    0x080011f0   0x00000550   Code   RO         5180    i.HAL_RCC_OscConfig  stm32f7xx_hal_rcc.o
    0x08001740   0x0000007c   Code   RO         6072    i.HAL_SD_CheckReadOperation  stm32f7xx_hal_sd.o
    0x080017bc   0x00000088   Code   RO         6073    i.HAL_SD_CheckWriteOperation  stm32f7xx_hal_sd.o
    0x08001844   0x00000002   Code   RO         6074    i.HAL_SD_DMA_RxCpltCallback  stm32f7xx_hal_sd.o
    0x08001846   0x00000002   Code   RO         6075    i.HAL_SD_DMA_RxErrorCallback  stm32f7xx_hal_sd.o
    0x08001848   0x00000002   Code   RO         6076    i.HAL_SD_DMA_TxCpltCallback  stm32f7xx_hal_sd.o
    0x0800184a   0x00000002   Code   RO         6077    i.HAL_SD_DMA_TxErrorCallback  stm32f7xx_hal_sd.o
    0x0800184c   0x00000022   Code   RO         6081    i.HAL_SD_GetStatus  stm32f7xx_hal_sd.o
    0x0800186e   0x000002c4   Code   RO         6082    i.HAL_SD_Get_CardInfo  stm32f7xx_hal_sd.o
    0x08001b32   0x000000a2   Code   RO         6084    i.HAL_SD_IRQHandler  stm32f7xx_hal_sd.o
    0x08001bd4   0x0000009c   Code   RO         6085    i.HAL_SD_Init       stm32f7xx_hal_sd.o
    0x08001c70   0x00000002   Code   RO         6087    i.HAL_SD_MspInit    stm32f7xx_hal_sd.o
    0x08001c72   0x00000002   PAD
    0x08001c74   0x00000120   Code   RO         6089    i.HAL_SD_ReadBlocks_DMA  stm32f7xx_hal_sd.o
    0x08001d94   0x00000036   Code   RO         6091    i.HAL_SD_StopTransfer  stm32f7xx_hal_sd.o
    0x08001dca   0x0000007e   Code   RO         6092    i.HAL_SD_WideBusOperation_Config  stm32f7xx_hal_sd.o
    0x08001e48   0x0000011c   Code   RO         6094    i.HAL_SD_WriteBlocks_DMA  stm32f7xx_hal_sd.o
    0x08001f64   0x00000002   Code   RO         6095    i.HAL_SD_XferCpltCallback  stm32f7xx_hal_sd.o
    0x08001f66   0x00000002   Code   RO         6096    i.HAL_SD_XferErrorCallback  stm32f7xx_hal_sd.o
    0x08001f68   0x00000034   Code   RO         1371    i.HAL_SYSTICK_Config  stm32f7xx_hal_cortex.o
    0x08001f9c   0x00000004   Code   RO          451    i.HardFault_Handler  stm32f7xx_it.o
    0x08001fa0   0x0000004c   Code   RO          287    i.LedInit           init.o
    0x08001fec   0x00000004   Code   RO          452    i.MemManage_Handler  stm32f7xx_it.o
    0x08001ff0   0x00000002   Code   RO          453    i.NMI_Handler       stm32f7xx_it.o
    0x08001ff2   0x00000002   PAD
    0x08001ff4   0x00000010   Code   RO         1373    i.NVIC_GetPriorityGrouping  stm32f7xx_hal_cortex.o
    0x08002004   0x00000028   Code   RO         1374    i.NVIC_SetPriority  stm32f7xx_hal_cortex.o
    0x0800202c   0x00000002   Code   RO          454    i.PendSV_Handler    stm32f7xx_it.o
    0x0800202e   0x00000002   PAD
    0x08002030   0x00000010   Code   RO         9829    i.SDMMC1_IRQHandler  fatfs_sd_sdio.o
    0x08002040   0x0000002c   Code   RO         8935    i.SDMMC_DataConfig  stm32f7xx_ll_sdmmc.o
    0x0800206c   0x00000008   Code   RO         8936    i.SDMMC_GetCommandResponse  stm32f7xx_ll_sdmmc.o
    0x08002074   0x0000000a   Code   RO         8939    i.SDMMC_GetPowerState  stm32f7xx_ll_sdmmc.o
    0x0800207e   0x00000016   Code   RO         8940    i.SDMMC_GetResponse  stm32f7xx_ll_sdmmc.o
    0x08002094   0x00000034   Code   RO         8941    i.SDMMC_Init        stm32f7xx_ll_sdmmc.o
    0x080020c8   0x0000000a   Code   RO         8943    i.SDMMC_PowerState_ON  stm32f7xx_ll_sdmmc.o
    0x080020d2   0x00000008   Code   RO         8944    i.SDMMC_ReadFIFO    stm32f7xx_ll_sdmmc.o
    0x080020da   0x00000028   Code   RO         8945    i.SDMMC_SendCommand  stm32f7xx_ll_sdmmc.o
    0x08002102   0x00000036   Code   RO         6097    i.SD_CmdError       stm32f7xx_hal_sd.o
    0x08002138   0x00000184   Code   RO         6098    i.SD_CmdResp1Error  stm32f7xx_hal_sd.o
    0x080022bc   0x00000046   Code   RO         6099    i.SD_CmdResp2Error  stm32f7xx_hal_sd.o
    0x08002302   0x00000032   Code   RO         6100    i.SD_CmdResp3Error  stm32f7xx_hal_sd.o
    0x08002334   0x000000ae   Code   RO         6101    i.SD_CmdResp6Error  stm32f7xx_hal_sd.o
    0x080023e2   0x00000066   Code   RO         6102    i.SD_CmdResp7Error  stm32f7xx_hal_sd.o
    0x08002448   0x00000020   Code   RO         6103    i.SD_DMA_RxCplt     stm32f7xx_hal_sd.o
    0x08002468   0x0000000e   Code   RO         6104    i.SD_DMA_RxError    stm32f7xx_hal_sd.o
    0x08002476   0x00000020   Code   RO         6105    i.SD_DMA_TxCplt     stm32f7xx_hal_sd.o
    0x08002496   0x0000000e   Code   RO         6106    i.SD_DMA_TxError    stm32f7xx_hal_sd.o
    0x080024a4   0x00000048   Code   RO         9830    i.SD_Detect_MspInit  fatfs_sd_sdio.o
    0x080024ec   0x0000015a   Code   RO         6107    i.SD_FindSCR        stm32f7xx_hal_sd.o
    0x08002646   0x00000002   PAD
    0x08002648   0x00000014   Code   RO         9832    i.SD_GetCardInfo    fatfs_sd_sdio.o
    0x0800265c   0x0000001e   Code   RO         6108    i.SD_GetState       stm32f7xx_hal_sd.o
    0x0800267a   0x00000002   PAD
    0x0800267c   0x00000010   Code   RO         9833    i.SD_GetStatus      fatfs_sd_sdio.o
    0x0800268c   0x00000060   Code   RO         9834    i.SD_Init           fatfs_sd_sdio.o
    0x080026ec   0x0000010a   Code   RO         6109    i.SD_Initialize_Cards  stm32f7xx_hal_sd.o
    0x080027f6   0x00000002   PAD
    0x080027f8   0x00000014   Code   RO         9835    i.SD_IsDetected     fatfs_sd_sdio.o
    0x0800280c   0x0000019c   Code   RO         9836    i.SD_MspInit        fatfs_sd_sdio.o
    0x080029a8   0x0000016c   Code   RO         6112    i.SD_PowerON        stm32f7xx_hal_sd.o
    0x08002b14   0x00000044   Code   RO         9838    i.SD_ReadBlocks_DMA  fatfs_sd_sdio.o
    0x08002b58   0x00000038   Code   RO         6113    i.SD_Select_Deselect  stm32f7xx_hal_sd.o
    0x08002b90   0x00000052   Code   RO         6114    i.SD_SendStatus     stm32f7xx_hal_sd.o
    0x08002be2   0x0000009a   Code   RO         6115    i.SD_WideBus_Disable  stm32f7xx_hal_sd.o
    0x08002c7c   0x0000009a   Code   RO         6116    i.SD_WideBus_Enable  stm32f7xx_hal_sd.o
    0x08002d16   0x00000002   PAD
    0x08002d18   0x00000044   Code   RO         9840    i.SD_WriteBlocks_DMA  fatfs_sd_sdio.o
    0x08002d5c   0x00000002   Code   RO          455    i.SVC_Handler       stm32f7xx_it.o
    0x08002d5e   0x00000008   Code   RO          456    i.SysTick_Handler   stm32f7xx_it.o
    0x08002d66   0x0000006e   Code   RO          288    i.SystemClock_Config  init.o
    0x08002dd4   0x00000064   Code   RO          525    i.SystemInit        system_stm32f7xx.o
    0x08002e38   0x00000004   Code   RO          457    i.UsageFault_Handler  stm32f7xx_it.o
    0x08002e3c   0x0000000e   Code   RO         9992    i.__scatterload_copy  mc_w.l(handlers.o)
    0x08002e4a   0x00000002   Code   RO         9993    i.__scatterload_null  mc_w.l(handlers.o)
    0x08002e4c   0x0000000e   Code   RO         9994    i.__scatterload_zeroinit  mc_w.l(handlers.o)
    0x08002e5a   0x00000002   PAD
    0x08002e5c   0x00000090   Code   RO         9376    i.check_fs          ff.o
    0x08002eec   0x00000014   Code   RO         9377    i.chk_chr           ff.o
    0x08002f00   0x0000008c   Code   RO         9378    i.chk_lock          ff.o
    0x08002f8c   0x00000030   Code   RO         9379    i.clear_lock        ff.o
    0x08002fbc   0x0000001a   Code   RO         9380    i.clust2sect        ff.o
    0x08002fd6   0x00000002   PAD
    0x08002fd8   0x000000a0   Code   RO         9381    i.cmp_lfn           ff.o
    0x08003078   0x000000d6   Code   RO         9382    i.create_chain      ff.o
    0x0800314e   0x00000002   PAD
    0x08003150   0x00000298   Code   RO         9383    i.create_name       ff.o
    0x080033e8   0x0000004c   Code   RO         9384    i.dec_lock          ff.o
    0x08003434   0x0000005c   Code   RO         9385    i.dir_alloc         ff.o
    0x08003490   0x000000ea   Code   RO         9386    i.dir_find          ff.o
    0x0800357a   0x0000010e   Code   RO         9387    i.dir_next          ff.o
    0x08003688   0x00000136   Code   RO         9389    i.dir_register      ff.o
    0x080037be   0x0000009e   Code   RO         9391    i.dir_sdi           ff.o
    0x0800385c   0x00000022   Code   RO         9319    i.disk_initialize   diskio.o
    0x0800387e   0x0000002a   Code   RO         9320    i.disk_ioctl        diskio.o
    0x080038a8   0x00000032   Code   RO         9321    i.disk_read         diskio.o
    0x080038da   0x00000022   Code   RO         9322    i.disk_status       diskio.o
    0x080038fc   0x00000032   Code   RO         9323    i.disk_write        diskio.o
    0x0800392e   0x00000002   PAD
    0x08003930   0x00000028   Code   RO         9392    i.enq_lock          ff.o
    0x08003958   0x0000002a   Code   RO         9395    i.f_close           ff.o
    0x08003982   0x00000102   Code   RO         9400    i.f_getfree         ff.o
    0x08003a84   0x00000174   Code   RO         9404    i.f_mkdir           ff.o
    0x08003bf8   0x00000060   Code   RO         9406    i.f_mount           ff.o
    0x08003c58   0x000001c0   Code   RO         9407    i.f_open            ff.o
    0x08003e18   0x00000274   Code   RO         9409    i.f_printf          ff.o
    0x0800408c   0x000000b0   Code   RO         9417    i.f_sync            ff.o
    0x0800413c   0x000001d8   Code   RO         9421    i.f_write           ff.o
    0x08004314   0x0000004c   Code   RO         9796    i.ff_convert        unicode.o
    0x08004360   0x0000005c   Code   RO         9797    i.ff_wtoupper       unicode.o
    0x080043bc   0x000003a0   Code   RO         9422    i.find_volume       ff.o
    0x0800475c   0x00000080   Code   RO         9423    i.fit_lfn           ff.o
    0x080047dc   0x000000ae   Code   RO         9424    i.follow_path       ff.o
    0x0800488a   0x00000002   PAD
    0x0800488c   0x000000b4   Code   RO         9425    i.gen_numname       ff.o
    0x08004940   0x000000f2   Code   RO         9427    i.get_fat           ff.o
    0x08004a32   0x00000002   PAD
    0x08004a34   0x000000b0   Code   RO         9429    i.get_ldnumber      ff.o
    0x08004ae4   0x000000dc   Code   RO         9430    i.inc_lock          ff.o
    0x08004bc0   0x00000010   Code   RO          289    i.init              init.o
    0x08004bd0   0x00000020   Code   RO         9431    i.ld_clust          ff.o
    0x08004bf0   0x0000000c   Code   RO          291    i.ledOn             init.o
    0x08004bfc   0x000000cc   Code   RO            4    i.main              main.o
    0x08004cc8   0x00000026   Code   RO         9432    i.mem_cmp           ff.o
    0x08004cee   0x0000001a   Code   RO         9433    i.mem_cpy           ff.o
    0x08004d08   0x00000014   Code   RO         9434    i.mem_set           ff.o
    0x08004d1c   0x00000034   Code   RO         9435    i.move_window       ff.o
    0x08004d50   0x00000142   Code   RO         9438    i.put_fat           ff.o
    0x08004e92   0x0000004e   Code   RO         9439    i.putc_bfd          ff.o
    0x08004ee0   0x0000006c   Code   RO         9440    i.remove_chain      ff.o
    0x08004f4c   0x00000010   Code   RO         9441    i.st_clust          ff.o
    0x08004f5c   0x00000020   Code   RO         9442    i.sum_sfn           ff.o
    0x08004f7c   0x000000c8   Code   RO         9443    i.sync_fs           ff.o
    0x08005044   0x00000052   Code   RO         9444    i.sync_window       ff.o
    0x08005096   0x00000032   Code   RO         9445    i.validate          ff.o
    0x080050c8   0x00000008   Data   RO         2011    .constdata          stm32f7xx_hal_dma.o
    0x080050d0   0x00000010   Data   RO         5181    .constdata          stm32f7xx_hal_rcc.o
    0x080050e0   0x000000c0   Data   RO         9447    .constdata          ff.o
    0x080051a0   0x000008b8   Data   RO         9798    .constdata          unicode.o
    0x08005a58   0x00000003   Data   RO         9448    .conststring        ff.o
    0x08005a5b   0x00000001   PAD
    0x08005a5c   0x00000020   Data   RO         9990    Region$$Table       anon$$obj.o


    Execution Region RW_IRAM1 (Base: 0x20010000, Size: 0x00000a88, Max: 0x00040000, ABSOLUTE)

    Base Addr    Size         Type   Attr      Idx    E Section Name        Object

    0x20010000   0x0000000c   Data   RW            6    .data               main.o
    0x2001000c   0x00000004   Data   RW          527    .data               system_stm32f7xx.o
    0x20010010   0x00000004   Data   RW          699    .data               stm32f7xx_hal.o
    0x20010014   0x00000006   Data   RW         9449    .data               ff.o
    0x2001001a   0x00000001   Data   RW         9842    .data               fatfs_sd_sdio.o
    0x2001001b   0x00000001   PAD
    0x2001001c   0x00000488   Zero   RW            5    .bss                main.o
    0x200104a4   0x00000078   Zero   RW         9446    .bss                ff.o
    0x2001051c   0x00000004   PAD
    0x20010520   0x00000168   Zero   RW         9841    .bss                fatfs_sd_sdio.o
    0x20010688   0x00000400   Zero   RW          439    STACK               startup_stm32f746xx.o


==============================================================================

Image component sizes


      Code (inc. data)   RO Data    RW Data    ZI Data      Debug   Object Name

       132          8          0          0          0       4320   ak_stm32_fatfs.o
       210          0          0          0          0       5182   diskio.o
      1120        114          0          1        360      10949   fatfs_sd_sdio.o
      8192        114        195          6        120      43995   ff.o
       214         14          0          0          0       2395   init.o
       204        112          0         12       1160     345718   main.o
        36          8        456          0       1024        840   startup_stm32f746xx.o
       130         16          0          4          0       3746   stm32f7xx_hal.o
       298         22          0          0          0      35203   stm32f7xx_hal_cortex.o
      1064         16          8          0          0       5820   stm32f7xx_hal_dma.o
       536         52          0          0          0       1732   stm32f7xx_hal_gpio.o
         2          0          0          0          0        534   stm32f7xx_hal_msp_template.o
       144          8          0          0          0       1264   stm32f7xx_hal_pwr_ex.o
      2212         48         16          0          0       4761   stm32f7xx_hal_rcc.o
      4468         30          0          0          0      30112   stm32f7xx_hal_sd.o
        32          0          0          0          0       4282   stm32f7xx_it.o
       194          0          0          0          0       5548   stm32f7xx_ll_sdmmc.o
         0          0          0          0          0        480   syscall.o
       100         18          0          4          0       1117   system_stm32f7xx.o
       168         14       2232          0          0       1987   unicode.o

    ----------------------------------------------------------------------
     19484        594       2940         28       2668     509985   Object Totals
         0          0         32          0          0          0   (incl. Generated)
        28          0          1          1          4          0   (incl. Padding)

    ----------------------------------------------------------------------

      Code (inc. data)   RO Data    RW Data    ZI Data      Debug   Library Member Name

         0          0          0          0          0          0   entry.o
         0          0          0          0          0          0   entry10a.o
         0          0          0          0          0          0   entry11a.o
         8          4          0          0          0          0   entry2.o
         4          0          0          0          0          0   entry5.o
         0          0          0          0          0          0   entry7b.o
         0          0          0          0          0          0   entry8b.o
         8          4          0          0          0          0   entry9a.o
        30          0          0          0          0          0   handlers.o
        36          8          0          0          0         68   init.o
         0          0          0          0          0          0   iusefp.o
        30          0          0          0          0         68   llshl.o
        32          0          0          0          0         68   llushr.o
        98          0          0          0          0         92   uldiv.o
       186          0          0          0          0        176   depilogue.o
        50          0          0          0          0         76   dfixui.o
        26          0          0          0          0         76   dfltui.o
       228          0          0          0          0         96   dmul.o

    ----------------------------------------------------------------------
       740         16          0          0          0        720   Library Totals
         4          0          0          0          0          0   (incl. Padding)

    ----------------------------------------------------------------------

      Code (inc. data)   RO Data    RW Data    ZI Data      Debug   Library Name

       246         16          0          0          0        296   mc_w.l
       490          0          0          0          0        424   mf_w.l

    ----------------------------------------------------------------------
       740         16          0          0          0        720   Library Totals

    ----------------------------------------------------------------------

==============================================================================


      Code (inc. data)   RO Data    RW Data    ZI Data      Debug   

     20224        610       2940         28       2668     496097   Grand Totals
     20224        610       2940         28       2668     496097   ELF Image Totals
     20224        610       2940         28          0          0   ROM Totals

==============================================================================

    Total RO  Size (Code + RO Data)                23164 (  22.62kB)
    Total RW  Size (RW Data + ZI Data)              2696 (   2.63kB)
    Total ROM Size (Code + RO Data + RW Data)      23192 (  22.65kB)

==============================================================================

